#! /opt/homebrew/Cellar/icarus-verilog/13.0/bin/vvp
:ivl_version "13.0 (stable)" "(v13_0)";
:ivl_delay_selection "TYPICAL";
:vpi_time_precision - 12;
:vpi_module "/opt/homebrew/Cellar/icarus-verilog/13.0/lib/ivl/system.vpi";
:vpi_module "/opt/homebrew/Cellar/icarus-verilog/13.0/lib/ivl/vhdl_sys.vpi";
:vpi_module "/opt/homebrew/Cellar/icarus-verilog/13.0/lib/ivl/vhdl_textio.vpi";
:vpi_module "/opt/homebrew/Cellar/icarus-verilog/13.0/lib/ivl/v2005_math.vpi";
:vpi_module "/opt/homebrew/Cellar/icarus-verilog/13.0/lib/ivl/va_math.vpi";
:vpi_module "/opt/homebrew/Cellar/icarus-verilog/13.0/lib/ivl/v2009.vpi";
S_0x1338042d0 .scope package, "$unit" "$unit" 2 1;
 .timescale 0 0;
S_0x133804440 .scope module, "fetch_unit_tb" "fetch_unit_tb" 3 6;
 .timescale -9 -12;
P_0x1338045b0 .param/l "INS_NOP" 1 3 43, C4<11000000000000000000000000000000>;
L_0x108008010 .functor BUFT 1, C4<0000000000000000000000000000000000000000000000000010000000000000>, C4<0>, C4<0>, C4<0>;
v0x112e07f00_0 .net/2u *"_ivl_0", 63 0, L_0x108008010;  1 drivers
v0x112e07f90_0 .net *"_ivl_10", 0 0, L_0x112e09930;  1 drivers
L_0x1080080e8 .functor BUFT 1, C4<00000000000000000000000000000000000000000000000000000000000000000000000000000000000000000000000000000000000000000000000000000000000000000000000000000000000000000000000000000000000000000000000000000000000000000000000000000000000000000000000000000000000000000000000000000000000000000000000000000000000000000000000000000000000000000000000000000000000000000000000000000000000000000000000000000000000000000000000000000000000000000000000000000000000000000000000000000000000000000000000000000000000000000000000000000000>, C4<0>, C4<0>, C4<0>;
v0x112e05320_0 .net/2u *"_ivl_12", 511 0, L_0x1080080e8;  1 drivers
v0x112e08020_0 .net *"_ivl_14", 511 0, L_0x112e09ca0;  1 drivers
v0x112e080b0_0 .net *"_ivl_16", 511 0, L_0x112e09dc0;  1 drivers
v0x112e081a0_0 .net *"_ivl_2", 0 0, L_0x112e096f0;  1 drivers
L_0x108008058 .functor BUFT 1, C4<0000000000000000000000000000000000000000000000000010000001000000>, C4<0>, C4<0>, C4<0>;
v0x112e08240_0 .net/2u *"_ivl_4", 63 0, L_0x108008058;  1 drivers
v0x112e082f0_0 .net *"_ivl_6", 0 0, L_0x112e09830;  1 drivers
L_0x1080080a0 .functor BUFT 1, C4<0000000000000000000000000000000000000000000000000011000000000000>, C4<0>, C4<0>, C4<0>;
v0x112e08390_0 .net/2u *"_ivl_8", 63 0, L_0x1080080a0;  1 drivers
v0x112e084a0_0 .var "bht_actual_taken", 0 0;
v0x112e08550_0 .var "bht_pred_taken", 0 0;
v0x112e085e0_0 .var "bht_update_en", 0 0;
v0x112e08670_0 .var "bht_update_pc", 63 0;
v0x112e08720_0 .var "clk", 0 0;
v0x112e087d0_0 .var "decode_take", 1 0;
v0x112e08880_0 .var/i "fail_count", 31 0;
v0x112e08910_0 .var "flush", 0 0;
v0x112e08ac0_0 .var "flush_pc", 63 0;
v0x112e08b50_0 .net "instr_fetch_addr", 63 0, L_0x112e0a100;  1 drivers
v0x112e08be0_0 .net "instr_fetch_data", 511 0, L_0x112e09ee0;  1 drivers
v0x112e08c70_0 .var "line_2000", 511 0;
v0x112e08d00_0 .var "line_2040", 511 0;
v0x112e08d90_0 .var "line_3000", 511 0;
v0x112e08e30_0 .net "out0_br_pred", 0 0, v0x112e06c40_0;  1 drivers
v0x112e08ee0_0 .net "out0_inst", 31 0, v0x112e06ce0_0;  1 drivers
v0x112e08f90_0 .net "out0_pc", 63 0, v0x112e06d90_0;  1 drivers
v0x112e09040_0 .net "out0_valid", 0 0, v0x112e06e40_0;  1 drivers
v0x112e090f0_0 .net "out1_br_pred", 0 0, v0x112e06ee0_0;  1 drivers
v0x112e091a0_0 .net "out1_inst", 31 0, v0x112e06f80_0;  1 drivers
v0x112e09250_0 .net "out1_pc", 63 0, v0x112e07030_0;  1 drivers
v0x112e09300_0 .net "out1_valid", 0 0, v0x112e070e0_0;  1 drivers
v0x112e093b0_0 .var/i "pass_count", 31 0;
v0x112e09440_0 .var "reset", 0 0;
v0x112e089c0_0 .var/i "test_num", 31 0;
E_0x133804630 .event posedge, v0x112e061b0_0;
L_0x112e096f0 .cmp/eq 64, L_0x112e0a100, L_0x108008010;
L_0x112e09830 .cmp/eq 64, L_0x112e0a100, L_0x108008058;
L_0x112e09930 .cmp/eq 64, L_0x112e0a100, L_0x1080080a0;
L_0x112e09ca0 .functor MUXZ 512, L_0x1080080e8, v0x112e08d90_0, L_0x112e09930, C4<>;
L_0x112e09dc0 .functor MUXZ 512, L_0x112e09ca0, v0x112e08d00_0, L_0x112e09830, C4<>;
L_0x112e09ee0 .functor MUXZ 512, L_0x112e09dc0, v0x112e08c70_0, L_0x112e096f0, C4<>;
S_0x1338046c0 .scope task, "check" "check" 3 75, 3 75 0, S_0x133804440;
 .timescale -9 -12;
v0x133804880_0 .var "actual", 63 0;
v0x133814930_0 .var "expected", 63 0;
v0x1338149d0_0 .var "label", 255 0;
TD_fetch_unit_tb.check ;
    %load/vec4 v0x112e089c0_0;
    %addi 1, 0, 32;
    %store/vec4 v0x112e089c0_0, 0, 32;
    %load/vec4 v0x133804880_0;
    %load/vec4 v0x133814930_0;
    %cmp/e;
    %jmp/0xz  T_0.0, 6;
    %load/vec4 v0x112e093b0_0;
    %addi 1, 0, 32;
    %store/vec4 v0x112e093b0_0, 0, 32;
    %jmp T_0.1;
T_0.0 ;
    %vpi_call/w 3 79 "$display", "FAIL test %0d [%0s]: got %h exp %h", v0x112e089c0_0, v0x1338149d0_0, v0x133804880_0, v0x133814930_0 {0 0 0};
    %load/vec4 v0x112e08880_0;
    %addi 1, 0, 32;
    %store/vec4 v0x112e08880_0, 0, 32;
T_0.1 ;
    %end;
S_0x133814a80 .scope task, "check1" "check1" 3 84, 3 84 0, S_0x133804440;
 .timescale -9 -12;
v0x133814c50_0 .var "actual", 0 0;
v0x133814cf0_0 .var "expected", 0 0;
v0x133814d90_0 .var "label", 255 0;
TD_fetch_unit_tb.check1 ;
    %load/vec4 v0x112e089c0_0;
    %addi 1, 0, 32;
    %store/vec4 v0x112e089c0_0, 0, 32;
    %load/vec4 v0x133814c50_0;
    %load/vec4 v0x133814cf0_0;
    %cmp/e;
    %jmp/0xz  T_1.2, 6;
    %load/vec4 v0x112e093b0_0;
    %addi 1, 0, 32;
    %store/vec4 v0x112e093b0_0, 0, 32;
    %jmp T_1.3;
T_1.2 ;
    %vpi_call/w 3 88 "$display", "FAIL test %0d [%0s]: got %b exp %b", v0x112e089c0_0, v0x133814d90_0, v0x133814c50_0, v0x133814cf0_0 {0 0 0};
    %load/vec4 v0x112e08880_0;
    %addi 1, 0, 32;
    %store/vec4 v0x112e08880_0, 0, 32;
T_1.3 ;
    %end;
S_0x133814e50 .scope function.vec4.s32, "ins_brr_l" "ins_brr_l" 3 49, 3 49 0, S_0x133804440;
 .timescale -9 -12;
v0x112e040a0_0 .var "L12", 11 0;
; Variable ins_brr_l is vec4 return value of scope S_0x133814e50
TD_fetch_unit_tb.ins_brr_l ;
    %pushi/vec4 10, 0, 5;
    %concati/vec4 0, 0, 5;
    %concati/vec4 0, 0, 5;
    %concati/vec4 0, 0, 5;
    %load/vec4 v0x112e040a0_0;
    %concat/vec4; draw_concat_vec4
    %ret/vec4 0, 0, 32;  Assign to ins_brr_l (store_vec4_to_lval)
    %end;
S_0x112e04210 .scope autofunction.vec4.s512, "line_bytes" "line_bytes" 3 31, 3 31 0, S_0x133804440;
 .timescale -9 -12;
; Variable line_bytes is vec4 return value of scope S_0x112e04210
v0x112e04490_0 .var "w0", 31 0;
v0x112e04540_0 .var "w1", 31 0;
v0x112e04600_0 .var "w2", 31 0;
v0x112e046b0_0 .var "w3", 31 0;
v0x112e047a0_0 .var "w4", 31 0;
v0x112e04850_0 .var "w5", 31 0;
v0x112e04900_0 .var "w6", 31 0;
v0x112e049b0_0 .var "w7", 31 0;
v0x112e04ac0_0 .var "w8", 31 0;
v0x112e04b70_0 .var "w9", 31 0;
v0x112e04c20_0 .var "wa", 31 0;
v0x112e04cd0_0 .var "wb", 31 0;
v0x112e04d80_0 .var "wc", 31 0;
v0x112e04e30_0 .var "wd", 31 0;
v0x112e04ee0_0 .var "we", 31 0;
v0x112e04f90_0 .var "wf", 31 0;
TD_fetch_unit_tb.line_bytes ;
    %load/vec4 v0x112e04f90_0;
    %load/vec4 v0x112e04ee0_0;
    %concat/vec4; draw_concat_vec4
    %load/vec4 v0x112e04e30_0;
    %concat/vec4; draw_concat_vec4
    %load/vec4 v0x112e04d80_0;
    %concat/vec4; draw_concat_vec4
    %load/vec4 v0x112e04cd0_0;
    %concat/vec4; draw_concat_vec4
    %load/vec4 v0x112e04c20_0;
    %concat/vec4; draw_concat_vec4
    %load/vec4 v0x112e04b70_0;
    %concat/vec4; draw_concat_vec4
    %load/vec4 v0x112e04ac0_0;
    %concat/vec4; draw_concat_vec4
    %load/vec4 v0x112e049b0_0;
    %concat/vec4; draw_concat_vec4
    %load/vec4 v0x112e04900_0;
    %concat/vec4; draw_concat_vec4
    %load/vec4 v0x112e04850_0;
    %concat/vec4; draw_concat_vec4
    %load/vec4 v0x112e047a0_0;
    %concat/vec4; draw_concat_vec4
    %load/vec4 v0x112e046b0_0;
    %concat/vec4; draw_concat_vec4
    %load/vec4 v0x112e04600_0;
    %concat/vec4; draw_concat_vec4
    %load/vec4 v0x112e04540_0;
    %concat/vec4; draw_concat_vec4
    %load/vec4 v0x112e04490_0;
    %concat/vec4; draw_concat_vec4
    %ret/vec4 0, 0, 512;  Assign to line_bytes (store_vec4_to_lval)
    %end;
S_0x112e05120 .scope module, "u_ifu" "fetch_unit" 3 60, 4 7 0, S_0x133804440;
 .timescale -9 -12;
    .port_info 0 /INPUT 1 "clk";
    .port_info 1 /INPUT 1 "reset";
    .port_info 2 /OUTPUT 64 "instr_fetch_addr";
    .port_info 3 /INPUT 512 "instr_fetch_data";
    .port_info 4 /INPUT 2 "decode_take";
    .port_info 5 /OUTPUT 32 "out0_inst";
    .port_info 6 /OUTPUT 64 "out0_pc";
    .port_info 7 /OUTPUT 1 "out0_br_pred";
    .port_info 8 /OUTPUT 1 "out0_valid";
    .port_info 9 /OUTPUT 32 "out1_inst";
    .port_info 10 /OUTPUT 64 "out1_pc";
    .port_info 11 /OUTPUT 1 "out1_br_pred";
    .port_info 12 /OUTPUT 1 "out1_valid";
    .port_info 13 /INPUT 1 "flush";
    .port_info 14 /INPUT 64 "flush_pc";
    .port_info 15 /INPUT 1 "bht_update_en";
    .port_info 16 /INPUT 64 "bht_update_pc";
    .port_info 17 /INPUT 1 "bht_pred_taken";
    .port_info 18 /INPUT 1 "bht_actual_taken";
P_0x112e04a40 .param/l "OPC_BRR_L" 1 4 35, C4<01010>;
v0x112e05cb0_0 .net *"_ivl_1", 57 0, L_0x112e0a000;  1 drivers
L_0x108008130 .functor BUFT 1, C4<000000>, C4<0>, C4<0>, C4<0>;
v0x112e05d70_0 .net/2u *"_ivl_2", 5 0, L_0x108008130;  1 drivers
v0x112e05e20_0 .net "bht_actual_taken", 0 0, v0x112e084a0_0;  1 drivers
v0x112e05ed0_0 .var "bht_bits", 255 0;
v0x112e05f80_0 .net "bht_pred_taken", 0 0, v0x112e08550_0;  1 drivers
v0x112e06060_0 .net "bht_update_en", 0 0, v0x112e085e0_0;  1 drivers
v0x112e06100_0 .net "bht_update_pc", 63 0, v0x112e08670_0;  1 drivers
v0x112e061b0_0 .net "clk", 0 0, v0x112e08720_0;  1 drivers
v0x112e06250_0 .var "cnt", 4 0;
v0x112e06360_0 .net "decode_take", 1 0, v0x112e087d0_0;  1 drivers
v0x112e06410_0 .var "fetch_pc", 63 0;
v0x112e064c0_0 .net "flush", 0 0, v0x112e08910_0;  1 drivers
v0x112e06560_0 .net "flush_pc", 63 0, v0x112e08ac0_0;  1 drivers
v0x112e06610_0 .var "fpc", 63 0;
v0x112e066c0_0 .var "insn_pc", 63 0;
v0x112e06770_0 .var "insn_w", 31 0;
v0x112e06820_0 .net "instr_fetch_addr", 63 0, L_0x112e0a100;  alias, 1 drivers
v0x112e069b0_0 .net "instr_fetch_data", 511 0, L_0x112e09ee0;  alias, 1 drivers
v0x112e06a40_0 .var "is_br", 0 0;
v0x112e06ae0_0 .var "lbase", 63 0;
v0x112e06b90_0 .var "opc", 4 0;
v0x112e06c40_0 .var "out0_br_pred", 0 0;
v0x112e06ce0_0 .var "out0_inst", 31 0;
v0x112e06d90_0 .var "out0_pc", 63 0;
v0x112e06e40_0 .var "out0_valid", 0 0;
v0x112e06ee0_0 .var "out1_br_pred", 0 0;
v0x112e06f80_0 .var "out1_inst", 31 0;
v0x112e07030_0 .var "out1_pc", 63 0;
v0x112e070e0_0 .var "out1_valid", 0 0;
v0x112e07180_0 .var "pred_taken", 0 0;
v0x112e07220_0 .var "q_count", 4 0;
v0x112e072d0 .array "q_inst", 15 0, 31 0;
v0x112e07370 .array "q_pc", 15 0, 63 0;
v0x112e068c0_0 .var "q_pred", 15 0;
v0x112e07600_0 .var "rd_ptr", 3 0;
v0x112e07690_0 .var "rdp1", 3 0;
v0x112e07720_0 .net "reset", 0 0, v0x112e09440_0;  1 drivers
v0x112e077c0_0 .var "rp", 3 0;
v0x112e07870_0 .var "se_L", 63 0;
v0x112e07920_0 .var "stop_line", 0 0;
v0x112e079c0_0 .var "sw", 3 0;
v0x112e07a70_0 .var "take", 1 0;
v0x112e07b20_0 .var/i "w", 31 0;
v0x112e07bd0_0 .var "wp", 3 0;
v0x112e07c80_0 .var "wr_ptr", 3 0;
E_0x112e05620 .event posedge, v0x112e07720_0, v0x112e061b0_0;
L_0x112e0a000 .part v0x112e06410_0, 6, 58;
L_0x112e0a100 .concat [ 6 58 0 0], L_0x108008130, L_0x112e0a000;
S_0x112e05670 .scope autofunction.vec4.s4, "inc_ptr" "inc_ptr" 4 45, 4 45 0, S_0x112e05120;
 .timescale -9 -12;
; Variable inc_ptr is vec4 return value of scope S_0x112e05670
v0x112e05900_0 .var "x", 3 0;
TD_fetch_unit_tb.u_ifu.inc_ptr ;
    %load/vec4 v0x112e05900_0;
    %cmpi/e 15, 0, 4;
    %flag_mov 8, 4;
    %jmp/0 T_4.4, 8;
    %pushi/vec4 0, 0, 4;
    %jmp/1 T_4.5, 8;
T_4.4 ; End of true expr.
    %load/vec4 v0x112e05900_0;
    %addi 1, 0, 4;
    %jmp/0 T_4.5, 8;
 ; End of false expr.
    %blend;
T_4.5;
    %ret/vec4 0, 0, 4;  Assign to inc_ptr (store_vec4_to_lval)
    %end;
S_0x112e059a0 .scope autofunction.vec4.s1, "is_branch_opcode" "is_branch_opcode" 4 37, 4 37 0, S_0x112e05120;
 .timescale -9 -12;
; Variable is_branch_opcode is vec4 return value of scope S_0x112e059a0
v0x112e05c00_0 .var "op", 4 0;
TD_fetch_unit_tb.u_ifu.is_branch_opcode ;
    %load/vec4 v0x112e05c00_0;
    %cmpi/e 8, 0, 5;
    %jmp/1 T_5.11, 4;
    %flag_mov 8, 4;
    %load/vec4 v0x112e05c00_0;
    %cmpi/e 9, 0, 5;
    %flag_or 4, 8;
T_5.11;
    %jmp/1 T_5.10, 4;
    %flag_mov 8, 4;
    %load/vec4 v0x112e05c00_0;
    %cmpi/e 10, 0, 5;
    %flag_or 4, 8;
T_5.10;
    %jmp/1 T_5.9, 4;
    %flag_mov 8, 4;
    %load/vec4 v0x112e05c00_0;
    %cmpi/e 11, 0, 5;
    %flag_or 4, 8;
T_5.9;
    %jmp/1 T_5.8, 4;
    %flag_mov 8, 4;
    %load/vec4 v0x112e05c00_0;
    %cmpi/e 12, 0, 5;
    %flag_or 4, 8;
T_5.8;
    %jmp/1 T_5.7, 4;
    %flag_mov 8, 4;
    %load/vec4 v0x112e05c00_0;
    %cmpi/e 13, 0, 5;
    %flag_or 4, 8;
T_5.7;
    %flag_get/vec4 4;
    %jmp/1 T_5.6, 4;
    %load/vec4 v0x112e05c00_0;
    %pushi/vec4 14, 0, 5;
    %cmp/e;
    %flag_get/vec4 4;
    %or;
T_5.6;
    %ret/vec4 0, 0, 1;  Assign to is_branch_opcode (store_vec4_to_lval)
    %end;
    .scope S_0x112e05120;
T_6 ;
    %wait E_0x112e05620;
    %load/vec4 v0x112e07720_0;
    %flag_set/vec4 8;
    %jmp/0xz  T_6.0, 8;
    %pushi/vec4 8192, 0, 64;
    %assign/vec4 v0x112e06410_0, 0;
    %pushi/vec4 0, 0, 4;
    %assign/vec4 v0x112e07c80_0, 0;
    %pushi/vec4 0, 0, 4;
    %assign/vec4 v0x112e07600_0, 0;
    %pushi/vec4 0, 0, 5;
    %assign/vec4 v0x112e07220_0, 0;
    %pushi/vec4 0, 0, 256;
    %assign/vec4 v0x112e05ed0_0, 0;
    %pushi/vec4 0, 0, 1;
    %assign/vec4 v0x112e06e40_0, 0;
    %pushi/vec4 0, 0, 1;
    %assign/vec4 v0x112e070e0_0, 0;
    %pushi/vec4 0, 0, 32;
    %assign/vec4 v0x112e06ce0_0, 0;
    %pushi/vec4 0, 0, 64;
    %assign/vec4 v0x112e06d90_0, 0;
    %pushi/vec4 0, 0, 1;
    %assign/vec4 v0x112e06c40_0, 0;
    %pushi/vec4 0, 0, 32;
    %assign/vec4 v0x112e06f80_0, 0;
    %pushi/vec4 0, 0, 64;
    %assign/vec4 v0x112e07030_0, 0;
    %pushi/vec4 0, 0, 1;
    %assign/vec4 v0x112e06ee0_0, 0;
    %jmp T_6.1;
T_6.0 ;
    %load/vec4 v0x112e06060_0;
    %flag_set/vec4 9;
    %flag_get/vec4 9;
    %jmp/0 T_6.4, 9;
    %load/vec4 v0x112e05f80_0;
    %load/vec4 v0x112e05e20_0;
    %cmp/ne;
    %flag_get/vec4 4;
    %and;
T_6.4;
    %flag_set/vec4 8;
    %jmp/0xz  T_6.2, 8;
    %load/vec4 v0x112e05ed0_0;
    %load/vec4 v0x112e06100_0;
    %parti/s 8, 2, 3;
    %part/u 1;
    %inv;
    %ix/load 5, 0, 0;
    %load/vec4 v0x112e06100_0;
    %parti/s 8, 2, 3;
    %ix/vec4 4;
    %assign/vec4/off/d v0x112e05ed0_0, 4, 5;
T_6.2 ;
    %load/vec4 v0x112e064c0_0;
    %flag_set/vec4 8;
    %jmp/0xz  T_6.5, 8;
    %load/vec4 v0x112e06560_0;
    %assign/vec4 v0x112e06410_0, 0;
    %pushi/vec4 0, 0, 4;
    %assign/vec4 v0x112e07c80_0, 0;
    %pushi/vec4 0, 0, 4;
    %assign/vec4 v0x112e07600_0, 0;
    %pushi/vec4 0, 0, 5;
    %assign/vec4 v0x112e07220_0, 0;
    %pushi/vec4 0, 0, 1;
    %assign/vec4 v0x112e06e40_0, 0;
    %pushi/vec4 0, 0, 1;
    %assign/vec4 v0x112e070e0_0, 0;
    %jmp T_6.6;
T_6.5 ;
    %load/vec4 v0x112e07220_0;
    %store/vec4 v0x112e06250_0, 0, 5;
    %load/vec4 v0x112e07600_0;
    %store/vec4 v0x112e077c0_0, 0, 4;
    %load/vec4 v0x112e07c80_0;
    %store/vec4 v0x112e07bd0_0, 0, 4;
    %load/vec4 v0x112e06410_0;
    %store/vec4 v0x112e06610_0, 0, 64;
    %load/vec4 v0x112e06360_0;
    %dup/vec4;
    %pushi/vec4 0, 0, 2;
    %cmp/u;
    %jmp/1 T_6.7, 6;
    %dup/vec4;
    %pushi/vec4 1, 0, 2;
    %cmp/u;
    %jmp/1 T_6.8, 6;
    %load/vec4 v0x112e06250_0;
    %cmpi/u 2, 0, 5;
    %flag_inv 5; GE is !LT
    %flag_mov 8, 5;
    %jmp/0 T_6.11, 8;
    %pushi/vec4 2, 0, 2;
    %jmp/1 T_6.12, 8;
T_6.11 ; End of true expr.
    %load/vec4 v0x112e06250_0;
    %cmpi/e 1, 0, 5;
    %flag_mov 9, 4;
    %jmp/0 T_6.13, 9;
    %pushi/vec4 1, 0, 2;
    %jmp/1 T_6.14, 9;
T_6.13 ; End of true expr.
    %pushi/vec4 0, 0, 2;
    %jmp/0 T_6.14, 9;
 ; End of false expr.
    %blend;
T_6.14;
    %jmp/0 T_6.12, 8;
 ; End of false expr.
    %blend;
T_6.12;
    %store/vec4 v0x112e07a70_0, 0, 2;
    %jmp T_6.10;
T_6.7 ;
    %pushi/vec4 0, 0, 2;
    %store/vec4 v0x112e07a70_0, 0, 2;
    %jmp T_6.10;
T_6.8 ;
    %load/vec4 v0x112e06250_0;
    %cmpi/u 1, 0, 5;
    %flag_inv 5; GE is !LT
    %flag_mov 8, 5;
    %jmp/0 T_6.15, 8;
    %pushi/vec4 1, 0, 2;
    %jmp/1 T_6.16, 8;
T_6.15 ; End of true expr.
    %pushi/vec4 0, 0, 2;
    %jmp/0 T_6.16, 8;
 ; End of false expr.
    %blend;
T_6.16;
    %store/vec4 v0x112e07a70_0, 0, 2;
    %jmp T_6.10;
T_6.10 ;
    %pop/vec4 1;
    %load/vec4 v0x112e07a70_0;
    %cmpi/e 2, 0, 2;
    %jmp/0xz  T_6.17, 4;
    %load/vec4 v0x112e06250_0;
    %subi 2, 0, 5;
    %store/vec4 v0x112e06250_0, 0, 5;
    %alloc S_0x112e05670;
    %alloc S_0x112e05670;
    %load/vec4 v0x112e07600_0;
    %store/vec4 v0x112e05900_0, 0, 4;
    %callf/vec4 TD_fetch_unit_tb.u_ifu.inc_ptr, S_0x112e05670;
    %free S_0x112e05670;
    %store/vec4 v0x112e05900_0, 0, 4;
    %callf/vec4 TD_fetch_unit_tb.u_ifu.inc_ptr, S_0x112e05670;
    %free S_0x112e05670;
    %store/vec4 v0x112e077c0_0, 0, 4;
    %jmp T_6.18;
T_6.17 ;
    %load/vec4 v0x112e07a70_0;
    %cmpi/e 1, 0, 2;
    %jmp/0xz  T_6.19, 4;
    %load/vec4 v0x112e06250_0;
    %subi 1, 0, 5;
    %store/vec4 v0x112e06250_0, 0, 5;
    %alloc S_0x112e05670;
    %load/vec4 v0x112e07600_0;
    %store/vec4 v0x112e05900_0, 0, 4;
    %callf/vec4 TD_fetch_unit_tb.u_ifu.inc_ptr, S_0x112e05670;
    %free S_0x112e05670;
    %store/vec4 v0x112e077c0_0, 0, 4;
T_6.19 ;
T_6.18 ;
    %pushi/vec4 0, 0, 1;
    %store/vec4 v0x112e07920_0, 0, 1;
    %load/vec4 v0x112e06610_0;
    %parti/s 58, 6, 4;
    %concati/vec4 0, 0, 6;
    %store/vec4 v0x112e06ae0_0, 0, 64;
    %load/vec4 v0x112e06610_0;
    %parti/s 4, 2, 3;
    %store/vec4 v0x112e079c0_0, 0, 4;
    %load/vec4 v0x112e06250_0;
    %cmpi/u 16, 0, 5;
    %jmp/0xz  T_6.21, 5;
    %load/vec4 v0x112e079c0_0;
    %pad/u 32;
    %store/vec4 v0x112e07b20_0, 0, 32;
T_6.23 ; Top of for-loop
    %load/vec4 v0x112e07b20_0;
    %cmpi/s 15, 0, 32;
    %flag_or 5, 4;
	  %jmp/0xz T_6.24, 5;
    %load/vec4 v0x112e07920_0;
    %flag_set/vec4 9;
    %flag_get/vec4 9;
    %jmp/1 T_6.28, 9;
    %pushi/vec4 16, 0, 5;
    %load/vec4 v0x112e06250_0;
    %cmp/u;
    %flag_get/vec4 4;
    %flag_get/vec4 5;
    %or;
    %or;
T_6.28;
    %nor/r;
    %flag_set/vec4 8;
    %jmp/0xz  T_6.26, 8;
    %load/vec4 v0x112e069b0_0;
    %load/vec4 v0x112e07b20_0;
    %muli 32, 0, 32;
    %part/s 32;
    %store/vec4 v0x112e06770_0, 0, 32;
    %load/vec4 v0x112e06ae0_0;
    %load/vec4 v0x112e07b20_0;
    %pad/u 64;
    %ix/load 4, 2, 0;
    %flag_set/imm 4, 0;
    %shiftl 4;
    %add;
    %store/vec4 v0x112e066c0_0, 0, 64;
    %load/vec4 v0x112e06770_0;
    %parti/s 5, 27, 6;
    %store/vec4 v0x112e06b90_0, 0, 5;
    %alloc S_0x112e059a0;
    %load/vec4 v0x112e06b90_0;
    %store/vec4 v0x112e05c00_0, 0, 5;
    %callf/vec4 TD_fetch_unit_tb.u_ifu.is_branch_opcode, S_0x112e059a0;
    %free S_0x112e059a0;
    %store/vec4 v0x112e06a40_0, 0, 1;
    %pushi/vec4 0, 0, 1;
    %store/vec4 v0x112e07180_0, 0, 1;
    %load/vec4 v0x112e06b90_0;
    %cmpi/e 10, 0, 5;
    %jmp/0xz  T_6.29, 4;
    %load/vec4 v0x112e06770_0;
    %parti/s 1, 11, 5;
    %flag_set/vec4 8;
    %jmp/0xz  T_6.31, 8;
    %pushi/vec4 1, 0, 1;
    %store/vec4 v0x112e07180_0, 0, 1;
    %jmp T_6.32;
T_6.31 ;
    %load/vec4 v0x112e05ed0_0;
    %load/vec4 v0x112e066c0_0;
    %parti/s 8, 2, 3;
    %part/u 1;
    %store/vec4 v0x112e07180_0, 0, 1;
T_6.32 ;
T_6.29 ;
    %load/vec4 v0x112e06770_0;
    %load/vec4 v0x112e07bd0_0;
    %pad/u 6;
    %ix/vec4 4;
    %store/vec4a v0x112e072d0, 4, 0;
    %load/vec4 v0x112e066c0_0;
    %load/vec4 v0x112e07bd0_0;
    %pad/u 6;
    %ix/vec4 4;
    %store/vec4a v0x112e07370, 4, 0;
    %load/vec4 v0x112e07180_0;
    %ix/getv 4, v0x112e07bd0_0;
    %store/vec4 v0x112e068c0_0, 4, 1;
    %alloc S_0x112e05670;
    %load/vec4 v0x112e07bd0_0;
    %store/vec4 v0x112e05900_0, 0, 4;
    %callf/vec4 TD_fetch_unit_tb.u_ifu.inc_ptr, S_0x112e05670;
    %free S_0x112e05670;
    %store/vec4 v0x112e07bd0_0, 0, 4;
    %load/vec4 v0x112e06250_0;
    %addi 1, 0, 5;
    %store/vec4 v0x112e06250_0, 0, 5;
    %load/vec4 v0x112e066c0_0;
    %addi 4, 0, 64;
    %store/vec4 v0x112e06610_0, 0, 64;
    %load/vec4 v0x112e06b90_0;
    %cmpi/e 10, 0, 5;
    %flag_get/vec4 4;
    %jmp/0 T_6.35, 4;
    %load/vec4 v0x112e07180_0;
    %and;
T_6.35;
    %flag_set/vec4 8;
    %jmp/0xz  T_6.33, 8;
    %load/vec4 v0x112e06770_0;
    %parti/s 1, 11, 5;
    %replicate 52;
    %load/vec4 v0x112e06770_0;
    %parti/s 12, 0, 2;
    %concat/vec4; draw_concat_vec4
    %store/vec4 v0x112e07870_0, 0, 64;
    %load/vec4 v0x112e066c0_0;
    %load/vec4 v0x112e07870_0;
    %add;
    %store/vec4 v0x112e06610_0, 0, 64;
    %pushi/vec4 1, 0, 1;
    %store/vec4 v0x112e07920_0, 0, 1;
T_6.33 ;
T_6.26 ;
T_6.25 ; for-loop step statement
    %load/vec4 v0x112e07b20_0;
    %addi 1, 0, 32;
    %store/vec4 v0x112e07b20_0, 0, 32;
    %jmp T_6.23;
T_6.24 ; for-loop exit label
T_6.21 ;
    %load/vec4 v0x112e06610_0;
    %assign/vec4 v0x112e06410_0, 0;
    %load/vec4 v0x112e07bd0_0;
    %assign/vec4 v0x112e07c80_0, 0;
    %load/vec4 v0x112e077c0_0;
    %assign/vec4 v0x112e07600_0, 0;
    %load/vec4 v0x112e06250_0;
    %assign/vec4 v0x112e07220_0, 0;
    %alloc S_0x112e05670;
    %load/vec4 v0x112e077c0_0;
    %store/vec4 v0x112e05900_0, 0, 4;
    %callf/vec4 TD_fetch_unit_tb.u_ifu.inc_ptr, S_0x112e05670;
    %free S_0x112e05670;
    %store/vec4 v0x112e07690_0, 0, 4;
    %pushi/vec4 1, 0, 5;
    %load/vec4 v0x112e06250_0;
    %cmp/u;
    %flag_get/vec4 4;
    %flag_get/vec4 5;
    %or;
    %assign/vec4 v0x112e06e40_0, 0;
    %pushi/vec4 2, 0, 5;
    %load/vec4 v0x112e06250_0;
    %cmp/u;
    %flag_get/vec4 4;
    %flag_get/vec4 5;
    %or;
    %assign/vec4 v0x112e070e0_0, 0;
    %load/vec4 v0x112e077c0_0;
    %pad/u 6;
    %ix/vec4 4;
    %load/vec4a v0x112e072d0, 4;
    %assign/vec4 v0x112e06ce0_0, 0;
    %load/vec4 v0x112e077c0_0;
    %pad/u 6;
    %ix/vec4 4;
    %load/vec4a v0x112e07370, 4;
    %assign/vec4 v0x112e06d90_0, 0;
    %load/vec4 v0x112e068c0_0;
    %load/vec4 v0x112e077c0_0;
    %part/u 1;
    %assign/vec4 v0x112e06c40_0, 0;
    %load/vec4 v0x112e07690_0;
    %pad/u 6;
    %ix/vec4 4;
    %load/vec4a v0x112e072d0, 4;
    %assign/vec4 v0x112e06f80_0, 0;
    %load/vec4 v0x112e07690_0;
    %pad/u 6;
    %ix/vec4 4;
    %load/vec4a v0x112e07370, 4;
    %assign/vec4 v0x112e07030_0, 0;
    %load/vec4 v0x112e068c0_0;
    %load/vec4 v0x112e07690_0;
    %part/u 1;
    %assign/vec4 v0x112e06ee0_0, 0;
T_6.6 ;
T_6.1 ;
    %jmp T_6;
    .thread T_6;
    .scope S_0x133804440;
T_7 ;
    %pushi/vec4 0, 0, 32;
    %store/vec4 v0x112e093b0_0, 0, 32;
    %pushi/vec4 0, 0, 32;
    %store/vec4 v0x112e08880_0, 0, 32;
    %pushi/vec4 0, 0, 32;
    %store/vec4 v0x112e089c0_0, 0, 32;
    %end;
    .thread T_7, $init;
    .scope S_0x133804440;
T_8 ;
    %pushi/vec4 0, 0, 1;
    %store/vec4 v0x112e08720_0, 0, 1;
    %end;
    .thread T_8;
    .scope S_0x133804440;
T_9 ;
    %delay 5000, 0;
    %load/vec4 v0x112e08720_0;
    %inv;
    %store/vec4 v0x112e08720_0, 0, 1;
    %jmp T_9;
    .thread T_9;
    .scope S_0x133804440;
T_10 ;
    %vpi_call/w 3 94 "$dumpfile", "fetch_unit_tb.vcd" {0 0 0};
    %vpi_call/w 3 95 "$dumpvars", 32'sb00000000000000000000000000000000, S_0x133804440 {0 0 0};
    %alloc S_0x112e04210;
    %pushi/vec4 3221225472, 0, 32;
    %pushi/vec4 3221225472, 0, 32;
    %pushi/vec4 3221225472, 0, 32;
    %pushi/vec4 3221225472, 0, 32;
    %pushi/vec4 3221225472, 0, 32;
    %pushi/vec4 3221225472, 0, 32;
    %pushi/vec4 3221225472, 0, 32;
    %pushi/vec4 3221225472, 0, 32;
    %pushi/vec4 3221225472, 0, 32;
    %pushi/vec4 3221225472, 0, 32;
    %pushi/vec4 3221225472, 0, 32;
    %pushi/vec4 3221225472, 0, 32;
    %pushi/vec4 3221225472, 0, 32;
    %pushi/vec4 3221225472, 0, 32;
    %pushi/vec4 3221225472, 0, 32;
    %pushi/vec4 3221225472, 0, 32;
    %store/vec4 v0x112e04f90_0, 0, 32;
    %store/vec4 v0x112e04ee0_0, 0, 32;
    %store/vec4 v0x112e04e30_0, 0, 32;
    %store/vec4 v0x112e04d80_0, 0, 32;
    %store/vec4 v0x112e04cd0_0, 0, 32;
    %store/vec4 v0x112e04c20_0, 0, 32;
    %store/vec4 v0x112e04b70_0, 0, 32;
    %store/vec4 v0x112e04ac0_0, 0, 32;
    %store/vec4 v0x112e049b0_0, 0, 32;
    %store/vec4 v0x112e04900_0, 0, 32;
    %store/vec4 v0x112e04850_0, 0, 32;
    %store/vec4 v0x112e047a0_0, 0, 32;
    %store/vec4 v0x112e046b0_0, 0, 32;
    %store/vec4 v0x112e04600_0, 0, 32;
    %store/vec4 v0x112e04540_0, 0, 32;
    %store/vec4 v0x112e04490_0, 0, 32;
    %callf/vec4 TD_fetch_unit_tb.line_bytes, S_0x112e04210;
    %free S_0x112e04210;
    %store/vec4 v0x112e08c70_0, 0, 512;
    %alloc S_0x112e04210;
    %pushi/vec4 3221225472, 0, 32;
    %pushi/vec4 3221225472, 0, 32;
    %pushi/vec4 3221225472, 0, 32;
    %pushi/vec4 3221225472, 0, 32;
    %pushi/vec4 3221225472, 0, 32;
    %pushi/vec4 3221225472, 0, 32;
    %pushi/vec4 3221225472, 0, 32;
    %pushi/vec4 3221225472, 0, 32;
    %pushi/vec4 3221225472, 0, 32;
    %pushi/vec4 3221225472, 0, 32;
    %pushi/vec4 3221225472, 0, 32;
    %pushi/vec4 3221225472, 0, 32;
    %pushi/vec4 3221225472, 0, 32;
    %pushi/vec4 3221225472, 0, 32;
    %pushi/vec4 3221225472, 0, 32;
    %pushi/vec4 3221225472, 0, 32;
    %store/vec4 v0x112e04f90_0, 0, 32;
    %store/vec4 v0x112e04ee0_0, 0, 32;
    %store/vec4 v0x112e04e30_0, 0, 32;
    %store/vec4 v0x112e04d80_0, 0, 32;
    %store/vec4 v0x112e04cd0_0, 0, 32;
    %store/vec4 v0x112e04c20_0, 0, 32;
    %store/vec4 v0x112e04b70_0, 0, 32;
    %store/vec4 v0x112e04ac0_0, 0, 32;
    %store/vec4 v0x112e049b0_0, 0, 32;
    %store/vec4 v0x112e04900_0, 0, 32;
    %store/vec4 v0x112e04850_0, 0, 32;
    %store/vec4 v0x112e047a0_0, 0, 32;
    %store/vec4 v0x112e046b0_0, 0, 32;
    %store/vec4 v0x112e04600_0, 0, 32;
    %store/vec4 v0x112e04540_0, 0, 32;
    %store/vec4 v0x112e04490_0, 0, 32;
    %callf/vec4 TD_fetch_unit_tb.line_bytes, S_0x112e04210;
    %free S_0x112e04210;
    %store/vec4 v0x112e08d00_0, 0, 512;
    %load/vec4 v0x112e08c70_0;
    %store/vec4 v0x112e08d90_0, 0, 512;
    %pushi/vec4 0, 0, 2;
    %store/vec4 v0x112e087d0_0, 0, 2;
    %pushi/vec4 0, 0, 1;
    %store/vec4 v0x112e08910_0, 0, 1;
    %pushi/vec4 0, 0, 64;
    %store/vec4 v0x112e08ac0_0, 0, 64;
    %pushi/vec4 0, 0, 1;
    %store/vec4 v0x112e085e0_0, 0, 1;
    %pushi/vec4 0, 0, 64;
    %store/vec4 v0x112e08670_0, 0, 64;
    %pushi/vec4 0, 0, 1;
    %store/vec4 v0x112e08550_0, 0, 1;
    %pushi/vec4 0, 0, 1;
    %store/vec4 v0x112e084a0_0, 0, 1;
    %pushi/vec4 1, 0, 1;
    %store/vec4 v0x112e09440_0, 0, 1;
    %wait E_0x133804630;
    %delay 1000, 0;
    %pushi/vec4 0, 0, 1;
    %store/vec4 v0x112e09440_0, 0, 1;
    %wait E_0x133804630;
    %delay 1000, 0;
    %vpi_call/w 3 127 "$display", "\012--- Test 1: Sequential fetch ---" {0 0 0};
    %delay 1000, 0;
    %pushi/vec4 0, 0, 32; draw_string_vec4
    %pushi/vec4 0, 0, 32; draw_string_vec4
    %concat/vec4; draw_string_vec4
    %pushi/vec4 0, 0, 32; draw_string_vec4
    %concat/vec4; draw_string_vec4
    %pushi/vec4 0, 0, 32; draw_string_vec4
    %concat/vec4; draw_string_vec4
    %pushi/vec4 116, 0, 32; draw_string_vec4
    %concat/vec4; draw_string_vec4
    %pushi/vec4 824209269, 0, 32; draw_string_vec4
    %concat/vec4; draw_string_vec4
    %pushi/vec4 1949327222, 0, 32; draw_string_vec4
    %concat/vec4; draw_string_vec4
    %pushi/vec4 1634494820, 0, 32; draw_string_vec4
    %concat/vec4; draw_string_vec4
    %store/vec4 v0x133814d90_0, 0, 256;
    %load/vec4 v0x112e09040_0;
    %store/vec4 v0x133814c50_0, 0, 1;
    %pushi/vec4 1, 0, 1;
    %store/vec4 v0x133814cf0_0, 0, 1;
    %fork TD_fetch_unit_tb.check1, S_0x133814a80;
    %join;
    %pushi/vec4 0, 0, 32; draw_string_vec4
    %pushi/vec4 0, 0, 32; draw_string_vec4
    %concat/vec4; draw_string_vec4
    %pushi/vec4 0, 0, 32; draw_string_vec4
    %concat/vec4; draw_string_vec4
    %pushi/vec4 0, 0, 32; draw_string_vec4
    %concat/vec4; draw_string_vec4
    %pushi/vec4 0, 0, 32; draw_string_vec4
    %concat/vec4; draw_string_vec4
    %pushi/vec4 29745, 0, 32; draw_string_vec4
    %concat/vec4; draw_string_vec4
    %pushi/vec4 544175476, 0, 32; draw_string_vec4
    %concat/vec4; draw_string_vec4
    %pushi/vec4 811561059, 0, 32; draw_string_vec4
    %concat/vec4; draw_string_vec4
    %store/vec4 v0x1338149d0_0, 0, 256;
    %load/vec4 v0x112e08f90_0;
    %store/vec4 v0x133804880_0, 0, 64;
    %pushi/vec4 8192, 0, 64;
    %store/vec4 v0x133814930_0, 0, 64;
    %fork TD_fetch_unit_tb.check, S_0x1338046c0;
    %join;
    %pushi/vec4 2, 0, 2;
    %store/vec4 v0x112e087d0_0, 0, 2;
    %wait E_0x133804630;
    %delay 1000, 0;
    %pushi/vec4 0, 0, 32; draw_string_vec4
    %pushi/vec4 0, 0, 32; draw_string_vec4
    %concat/vec4; draw_string_vec4
    %pushi/vec4 0, 0, 32; draw_string_vec4
    %concat/vec4; draw_string_vec4
    %pushi/vec4 0, 0, 32; draw_string_vec4
    %concat/vec4; draw_string_vec4
    %pushi/vec4 0, 0, 32; draw_string_vec4
    %concat/vec4; draw_string_vec4
    %pushi/vec4 0, 0, 32; draw_string_vec4
    %concat/vec4; draw_string_vec4
    %pushi/vec4 7614752, 0, 32; draw_string_vec4
    %concat/vec4; draw_string_vec4
    %pushi/vec4 1885547320, 0, 32; draw_string_vec4
    %concat/vec4; draw_string_vec4
    %store/vec4 v0x1338149d0_0, 0, 256;
    %load/vec4 v0x112e08f90_0;
    %store/vec4 v0x133804880_0, 0, 64;
    %pushi/vec4 8200, 0, 64;
    %store/vec4 v0x133814930_0, 0, 64;
    %fork TD_fetch_unit_tb.check, S_0x1338046c0;
    %join;
    %pushi/vec4 2, 0, 2;
    %store/vec4 v0x112e087d0_0, 0, 2;
    %wait E_0x133804630;
    %delay 1000, 0;
    %pushi/vec4 0, 0, 32; draw_string_vec4
    %pushi/vec4 0, 0, 32; draw_string_vec4
    %concat/vec4; draw_string_vec4
    %pushi/vec4 0, 0, 32; draw_string_vec4
    %concat/vec4; draw_string_vec4
    %pushi/vec4 0, 0, 32; draw_string_vec4
    %concat/vec4; draw_string_vec4
    %pushi/vec4 0, 0, 32; draw_string_vec4
    %concat/vec4; draw_string_vec4
    %pushi/vec4 0, 0, 32; draw_string_vec4
    %concat/vec4; draw_string_vec4
    %pushi/vec4 1949376624, 0, 32; draw_string_vec4
    %concat/vec4; draw_string_vec4
    %pushi/vec4 1663775030, 0, 32; draw_string_vec4
    %concat/vec4; draw_string_vec4
    %store/vec4 v0x1338149d0_0, 0, 256;
    %load/vec4 v0x112e08f90_0;
    %store/vec4 v0x133804880_0, 0, 64;
    %pushi/vec4 8208, 0, 64;
    %store/vec4 v0x133814930_0, 0, 64;
    %fork TD_fetch_unit_tb.check, S_0x1338046c0;
    %join;
    %pushi/vec4 0, 0, 2;
    %store/vec4 v0x112e087d0_0, 0, 2;
    %vpi_call/w 3 147 "$display", "\012--- Test 2: BRR_L + BHT redirect ---" {0 0 0};
    %alloc S_0x112e04210;
    %pushi/vec4 16, 0, 12;
    %store/vec4 v0x112e040a0_0, 0, 12;
    %callf/vec4 TD_fetch_unit_tb.ins_brr_l, S_0x133814e50;
    %pushi/vec4 3221225472, 0, 32;
    %pushi/vec4 3221225472, 0, 32;
    %pushi/vec4 3221225472, 0, 32;
    %pushi/vec4 3221225472, 0, 32;
    %pushi/vec4 3221225472, 0, 32;
    %pushi/vec4 3221225472, 0, 32;
    %pushi/vec4 3221225472, 0, 32;
    %pushi/vec4 3221225472, 0, 32;
    %pushi/vec4 3221225472, 0, 32;
    %pushi/vec4 3221225472, 0, 32;
    %pushi/vec4 3221225472, 0, 32;
    %pushi/vec4 3221225472, 0, 32;
    %pushi/vec4 3221225472, 0, 32;
    %pushi/vec4 3221225472, 0, 32;
    %pushi/vec4 3221225472, 0, 32;
    %store/vec4 v0x112e04f90_0, 0, 32;
    %store/vec4 v0x112e04ee0_0, 0, 32;
    %store/vec4 v0x112e04e30_0, 0, 32;
    %store/vec4 v0x112e04d80_0, 0, 32;
    %store/vec4 v0x112e04cd0_0, 0, 32;
    %store/vec4 v0x112e04c20_0, 0, 32;
    %store/vec4 v0x112e04b70_0, 0, 32;
    %store/vec4 v0x112e04ac0_0, 0, 32;
    %store/vec4 v0x112e049b0_0, 0, 32;
    %store/vec4 v0x112e04900_0, 0, 32;
    %store/vec4 v0x112e04850_0, 0, 32;
    %store/vec4 v0x112e047a0_0, 0, 32;
    %store/vec4 v0x112e046b0_0, 0, 32;
    %store/vec4 v0x112e04600_0, 0, 32;
    %store/vec4 v0x112e04540_0, 0, 32;
    %store/vec4 v0x112e04490_0, 0, 32;
    %callf/vec4 TD_fetch_unit_tb.line_bytes, S_0x112e04210;
    %free S_0x112e04210;
    %store/vec4 v0x112e08c70_0, 0, 512;
    %pushi/vec4 1, 0, 1;
    %store/vec4 v0x112e08910_0, 0, 1;
    %pushi/vec4 8192, 0, 64;
    %store/vec4 v0x112e08ac0_0, 0, 64;
    %wait E_0x133804630;
    %delay 1000, 0;
    %pushi/vec4 0, 0, 1;
    %store/vec4 v0x112e08910_0, 0, 1;
    %wait E_0x133804630;
    %delay 1000, 0;
    %pushi/vec4 1, 0, 1;
    %store/vec4 v0x112e085e0_0, 0, 1;
    %pushi/vec4 8192, 0, 64;
    %store/vec4 v0x112e08670_0, 0, 64;
    %pushi/vec4 0, 0, 1;
    %store/vec4 v0x112e08550_0, 0, 1;
    %pushi/vec4 1, 0, 1;
    %store/vec4 v0x112e084a0_0, 0, 1;
    %wait E_0x133804630;
    %delay 1000, 0;
    %pushi/vec4 0, 0, 1;
    %store/vec4 v0x112e085e0_0, 0, 1;
    %wait E_0x133804630;
    %delay 1000, 0;
    %pushi/vec4 1, 0, 1;
    %store/vec4 v0x112e08910_0, 0, 1;
    %pushi/vec4 8192, 0, 64;
    %store/vec4 v0x112e08ac0_0, 0, 64;
    %wait E_0x133804630;
    %delay 1000, 0;
    %pushi/vec4 0, 0, 1;
    %store/vec4 v0x112e08910_0, 0, 1;
    %wait E_0x133804630;
    %delay 1000, 0;
    %delay 1000, 0;
    %pushi/vec4 0, 0, 32; draw_string_vec4
    %pushi/vec4 0, 0, 32; draw_string_vec4
    %concat/vec4; draw_string_vec4
    %pushi/vec4 0, 0, 32; draw_string_vec4
    %concat/vec4; draw_string_vec4
    %pushi/vec4 0, 0, 32; draw_string_vec4
    %concat/vec4; draw_string_vec4
    %pushi/vec4 0, 0, 32; draw_string_vec4
    %concat/vec4; draw_string_vec4
    %pushi/vec4 1949442146, 0, 32; draw_string_vec4
    %concat/vec4; draw_string_vec4
    %pushi/vec4 1920082038, 0, 32; draw_string_vec4
    %concat/vec4; draw_string_vec4
    %pushi/vec4 1634494820, 0, 32; draw_string_vec4
    %concat/vec4; draw_string_vec4
    %store/vec4 v0x133814d90_0, 0, 256;
    %load/vec4 v0x112e09040_0;
    %store/vec4 v0x133814c50_0, 0, 1;
    %pushi/vec4 1, 0, 1;
    %store/vec4 v0x133814cf0_0, 0, 1;
    %fork TD_fetch_unit_tb.check1, S_0x133814a80;
    %join;
    %pushi/vec4 0, 0, 32; draw_string_vec4
    %pushi/vec4 0, 0, 32; draw_string_vec4
    %concat/vec4; draw_string_vec4
    %pushi/vec4 0, 0, 32; draw_string_vec4
    %concat/vec4; draw_string_vec4
    %pushi/vec4 0, 0, 32; draw_string_vec4
    %concat/vec4; draw_string_vec4
    %pushi/vec4 0, 0, 32; draw_string_vec4
    %concat/vec4; draw_string_vec4
    %pushi/vec4 29746, 0, 32; draw_string_vec4
    %concat/vec4; draw_string_vec4
    %pushi/vec4 543322738, 0, 32; draw_string_vec4
    %concat/vec4; draw_string_vec4
    %pushi/vec4 544174179, 0, 32; draw_string_vec4
    %concat/vec4; draw_string_vec4
    %store/vec4 v0x1338149d0_0, 0, 256;
    %pushi/vec4 0, 0, 27;
    %load/vec4 v0x112e08ee0_0;
    %parti/s 5, 27, 6;
    %concat/vec4; draw_concat_vec4
    %pad/u 64;
    %store/vec4 v0x133804880_0, 0, 64;
    %pushi/vec4 10, 0, 64;
    %store/vec4 v0x133814930_0, 0, 64;
    %fork TD_fetch_unit_tb.check, S_0x1338046c0;
    %join;
    %pushi/vec4 1, 0, 2;
    %store/vec4 v0x112e087d0_0, 0, 2;
    %wait E_0x133804630;
    %delay 1000, 0;
    %pushi/vec4 0, 0, 2;
    %store/vec4 v0x112e087d0_0, 0, 2;
    %delay 1000, 0;
    %pushi/vec4 0, 0, 32; draw_string_vec4
    %pushi/vec4 0, 0, 32; draw_string_vec4
    %concat/vec4; draw_string_vec4
    %pushi/vec4 0, 0, 32; draw_string_vec4
    %concat/vec4; draw_string_vec4
    %pushi/vec4 0, 0, 32; draw_string_vec4
    %concat/vec4; draw_string_vec4
    %pushi/vec4 0, 0, 32; draw_string_vec4
    %concat/vec4; draw_string_vec4
    %pushi/vec4 7615008, 0, 32; draw_string_vec4
    %concat/vec4; draw_string_vec4
    %pushi/vec4 1634104421, 0, 32; draw_string_vec4
    %concat/vec4; draw_string_vec4
    %pushi/vec4 1914724978, 0, 32; draw_string_vec4
    %concat/vec4; draw_string_vec4
    %store/vec4 v0x1338149d0_0, 0, 256;
    %load/vec4 v0x112e08f90_0;
    %store/vec4 v0x133804880_0, 0, 64;
    %pushi/vec4 8208, 0, 64;
    %store/vec4 v0x133814930_0, 0, 64;
    %fork TD_fetch_unit_tb.check, S_0x1338046c0;
    %join;
    %pushi/vec4 0, 0, 32; draw_string_vec4
    %pushi/vec4 0, 0, 32; draw_string_vec4
    %concat/vec4; draw_string_vec4
    %pushi/vec4 0, 0, 32; draw_string_vec4
    %concat/vec4; draw_string_vec4
    %pushi/vec4 0, 0, 32; draw_string_vec4
    %concat/vec4; draw_string_vec4
    %pushi/vec4 0, 0, 32; draw_string_vec4
    %concat/vec4; draw_string_vec4
    %pushi/vec4 29746, 0, 32; draw_string_vec4
    %concat/vec4; draw_string_vec4
    %pushi/vec4 544108400, 0, 32; draw_string_vec4
    %concat/vec4; draw_string_vec4
    %pushi/vec4 544174179, 0, 32; draw_string_vec4
    %concat/vec4; draw_string_vec4
    %store/vec4 v0x1338149d0_0, 0, 256;
    %pushi/vec4 0, 0, 27;
    %load/vec4 v0x112e08ee0_0;
    %parti/s 5, 27, 6;
    %concat/vec4; draw_concat_vec4
    %pad/u 64;
    %store/vec4 v0x133804880_0, 0, 64;
    %pushi/vec4 24, 0, 64;
    %store/vec4 v0x133814930_0, 0, 64;
    %fork TD_fetch_unit_tb.check, S_0x1338046c0;
    %join;
    %vpi_call/w 3 189 "$display", "\012--- Test 3: Flush ---" {0 0 0};
    %pushi/vec4 1, 0, 1;
    %store/vec4 v0x112e08910_0, 0, 1;
    %pushi/vec4 12288, 0, 64;
    %store/vec4 v0x112e08ac0_0, 0, 64;
    %wait E_0x133804630;
    %delay 1000, 0;
    %pushi/vec4 0, 0, 32; draw_string_vec4
    %pushi/vec4 0, 0, 32; draw_string_vec4
    %concat/vec4; draw_string_vec4
    %pushi/vec4 0, 0, 32; draw_string_vec4
    %concat/vec4; draw_string_vec4
    %pushi/vec4 0, 0, 32; draw_string_vec4
    %concat/vec4; draw_string_vec4
    %pushi/vec4 29747, 0, 32; draw_string_vec4
    %concat/vec4; draw_string_vec4
    %pushi/vec4 543583349, 0, 32; draw_string_vec4
    %concat/vec4; draw_string_vec4
    %pushi/vec4 1936203875, 0, 32; draw_string_vec4
    %concat/vec4; draw_string_vec4
    %pushi/vec4 1818583410, 0, 32; draw_string_vec4
    %concat/vec4; draw_string_vec4
    %store/vec4 v0x133814d90_0, 0, 256;
    %load/vec4 v0x112e09040_0;
    %store/vec4 v0x133814c50_0, 0, 1;
    %pushi/vec4 0, 0, 1;
    %store/vec4 v0x133814cf0_0, 0, 1;
    %fork TD_fetch_unit_tb.check1, S_0x133814a80;
    %join;
    %pushi/vec4 0, 0, 1;
    %store/vec4 v0x112e08910_0, 0, 1;
    %wait E_0x133804630;
    %delay 1000, 0;
    %pushi/vec4 0, 0, 32; draw_string_vec4
    %pushi/vec4 0, 0, 32; draw_string_vec4
    %concat/vec4; draw_string_vec4
    %pushi/vec4 0, 0, 32; draw_string_vec4
    %concat/vec4; draw_string_vec4
    %pushi/vec4 0, 0, 32; draw_string_vec4
    %concat/vec4; draw_string_vec4
    %pushi/vec4 7615264, 0, 32; draw_string_vec4
    %concat/vec4; draw_string_vec4
    %pushi/vec4 1919247977, 0, 32; draw_string_vec4
    %concat/vec4; draw_string_vec4
    %pushi/vec4 1819025526, 0, 32; draw_string_vec4
    %concat/vec4; draw_string_vec4
    %pushi/vec4 1634494820, 0, 32; draw_string_vec4
    %concat/vec4; draw_string_vec4
    %store/vec4 v0x133814d90_0, 0, 256;
    %load/vec4 v0x112e09040_0;
    %store/vec4 v0x133814c50_0, 0, 1;
    %pushi/vec4 1, 0, 1;
    %store/vec4 v0x133814cf0_0, 0, 1;
    %fork TD_fetch_unit_tb.check1, S_0x133814a80;
    %join;
    %pushi/vec4 0, 0, 32; draw_string_vec4
    %pushi/vec4 0, 0, 32; draw_string_vec4
    %concat/vec4; draw_string_vec4
    %pushi/vec4 0, 0, 32; draw_string_vec4
    %concat/vec4; draw_string_vec4
    %pushi/vec4 0, 0, 32; draw_string_vec4
    %concat/vec4; draw_string_vec4
    %pushi/vec4 0, 0, 32; draw_string_vec4
    %concat/vec4; draw_string_vec4
    %pushi/vec4 1949507698, 0, 32; draw_string_vec4
    %concat/vec4; draw_string_vec4
    %pushi/vec4 1701210476, 0, 32; draw_string_vec4
    %concat/vec4; draw_string_vec4
    %pushi/vec4 1814065251, 0, 32; draw_string_vec4
    %concat/vec4; draw_string_vec4
    %store/vec4 v0x1338149d0_0, 0, 256;
    %load/vec4 v0x112e08f90_0;
    %store/vec4 v0x133804880_0, 0, 64;
    %pushi/vec4 12288, 0, 64;
    %store/vec4 v0x133814930_0, 0, 64;
    %fork TD_fetch_unit_tb.check, S_0x1338046c0;
    %join;
    %vpi_call/w 3 205 "$display", "\012--- Test 4: BRNZ ignores BHT (pred=0 always) ---" {0 0 0};
    %pushi/vec4 1, 0, 1;
    %store/vec4 v0x112e085e0_0, 0, 1;
    %pushi/vec4 8192, 0, 64;
    %store/vec4 v0x112e08670_0, 0, 64;
    %pushi/vec4 0, 0, 1;
    %store/vec4 v0x112e08550_0, 0, 1;
    %pushi/vec4 1, 0, 1;
    %store/vec4 v0x112e084a0_0, 0, 1;
    %wait E_0x133804630;
    %delay 1000, 0;
    %pushi/vec4 0, 0, 1;
    %store/vec4 v0x112e085e0_0, 0, 1;
    %alloc S_0x112e04210;
    %pushi/vec4 1484914688, 0, 32;
    %pushi/vec4 3221225472, 0, 32;
    %pushi/vec4 3221225472, 0, 32;
    %pushi/vec4 3221225472, 0, 32;
    %pushi/vec4 3221225472, 0, 32;
    %pushi/vec4 3221225472, 0, 32;
    %pushi/vec4 3221225472, 0, 32;
    %pushi/vec4 3221225472, 0, 32;
    %pushi/vec4 3221225472, 0, 32;
    %pushi/vec4 3221225472, 0, 32;
    %pushi/vec4 3221225472, 0, 32;
    %pushi/vec4 3221225472, 0, 32;
    %pushi/vec4 3221225472, 0, 32;
    %pushi/vec4 3221225472, 0, 32;
    %pushi/vec4 3221225472, 0, 32;
    %pushi/vec4 3221225472, 0, 32;
    %store/vec4 v0x112e04f90_0, 0, 32;
    %store/vec4 v0x112e04ee0_0, 0, 32;
    %store/vec4 v0x112e04e30_0, 0, 32;
    %store/vec4 v0x112e04d80_0, 0, 32;
    %store/vec4 v0x112e04cd0_0, 0, 32;
    %store/vec4 v0x112e04c20_0, 0, 32;
    %store/vec4 v0x112e04b70_0, 0, 32;
    %store/vec4 v0x112e04ac0_0, 0, 32;
    %store/vec4 v0x112e049b0_0, 0, 32;
    %store/vec4 v0x112e04900_0, 0, 32;
    %store/vec4 v0x112e04850_0, 0, 32;
    %store/vec4 v0x112e047a0_0, 0, 32;
    %store/vec4 v0x112e046b0_0, 0, 32;
    %store/vec4 v0x112e04600_0, 0, 32;
    %store/vec4 v0x112e04540_0, 0, 32;
    %store/vec4 v0x112e04490_0, 0, 32;
    %callf/vec4 TD_fetch_unit_tb.line_bytes, S_0x112e04210;
    %free S_0x112e04210;
    %store/vec4 v0x112e08c70_0, 0, 512;
    %pushi/vec4 1, 0, 1;
    %store/vec4 v0x112e08910_0, 0, 1;
    %pushi/vec4 8192, 0, 64;
    %store/vec4 v0x112e08ac0_0, 0, 64;
    %wait E_0x133804630;
    %delay 1000, 0;
    %pushi/vec4 0, 0, 1;
    %store/vec4 v0x112e08910_0, 0, 1;
    %wait E_0x133804630;
    %delay 1000, 0;
    %pushi/vec4 0, 0, 32; draw_string_vec4
    %pushi/vec4 0, 0, 32; draw_string_vec4
    %concat/vec4; draw_string_vec4
    %pushi/vec4 0, 0, 32; draw_string_vec4
    %concat/vec4; draw_string_vec4
    %pushi/vec4 0, 0, 32; draw_string_vec4
    %concat/vec4; draw_string_vec4
    %pushi/vec4 29748, 0, 32; draw_string_vec4
    %concat/vec4; draw_string_vec4
    %pushi/vec4 543322734, 0, 32; draw_string_vec4
    %concat/vec4; draw_string_vec4
    %pushi/vec4 2048946290, 0, 32; draw_string_vec4
    %concat/vec4; draw_string_vec4
    %pushi/vec4 1701068080, 0, 32; draw_string_vec4
    %concat/vec4; draw_string_vec4
    %store/vec4 v0x133814d90_0, 0, 256;
    %load/vec4 v0x112e08e30_0;
    %store/vec4 v0x133814c50_0, 0, 1;
    %pushi/vec4 0, 0, 1;
    %store/vec4 v0x133814cf0_0, 0, 1;
    %fork TD_fetch_unit_tb.check1, S_0x133814a80;
    %join;
    %pushi/vec4 1, 0, 2;
    %store/vec4 v0x112e087d0_0, 0, 2;
    %wait E_0x133804630;
    %delay 1000, 0;
    %pushi/vec4 0, 0, 2;
    %store/vec4 v0x112e087d0_0, 0, 2;
    %pushi/vec4 0, 0, 32; draw_string_vec4
    %pushi/vec4 0, 0, 32; draw_string_vec4
    %concat/vec4; draw_string_vec4
    %pushi/vec4 0, 0, 32; draw_string_vec4
    %concat/vec4; draw_string_vec4
    %pushi/vec4 116, 0, 32; draw_string_vec4
    %concat/vec4; draw_string_vec4
    %pushi/vec4 874541925, 0, 32; draw_string_vec4
    %concat/vec4; draw_string_vec4
    %pushi/vec4 1897947494, 0, 32; draw_string_vec4
    %concat/vec4; draw_string_vec4
    %pushi/vec4 1952805408, 0, 32; draw_string_vec4
    %concat/vec4; draw_string_vec4
    %pushi/vec4 1651666554, 0, 32; draw_string_vec4
    %concat/vec4; draw_string_vec4
    %store/vec4 v0x1338149d0_0, 0, 256;
    %load/vec4 v0x112e08f90_0;
    %store/vec4 v0x133804880_0, 0, 64;
    %pushi/vec4 8196, 0, 64;
    %store/vec4 v0x133814930_0, 0, 64;
    %fork TD_fetch_unit_tb.check, S_0x1338046c0;
    %join;
    %vpi_call/w 3 240 "$display", "\012--- Test 5: BRGT ignores BHT (pred=0 always) ---" {0 0 0};
    %alloc S_0x112e04210;
    %pushi/vec4 1891770368, 0, 32;
    %pushi/vec4 3221225472, 0, 32;
    %pushi/vec4 3221225472, 0, 32;
    %pushi/vec4 3221225472, 0, 32;
    %pushi/vec4 3221225472, 0, 32;
    %pushi/vec4 3221225472, 0, 32;
    %pushi/vec4 3221225472, 0, 32;
    %pushi/vec4 3221225472, 0, 32;
    %pushi/vec4 3221225472, 0, 32;
    %pushi/vec4 3221225472, 0, 32;
    %pushi/vec4 3221225472, 0, 32;
    %pushi/vec4 3221225472, 0, 32;
    %pushi/vec4 3221225472, 0, 32;
    %pushi/vec4 3221225472, 0, 32;
    %pushi/vec4 3221225472, 0, 32;
    %pushi/vec4 3221225472, 0, 32;
    %store/vec4 v0x112e04f90_0, 0, 32;
    %store/vec4 v0x112e04ee0_0, 0, 32;
    %store/vec4 v0x112e04e30_0, 0, 32;
    %store/vec4 v0x112e04d80_0, 0, 32;
    %store/vec4 v0x112e04cd0_0, 0, 32;
    %store/vec4 v0x112e04c20_0, 0, 32;
    %store/vec4 v0x112e04b70_0, 0, 32;
    %store/vec4 v0x112e04ac0_0, 0, 32;
    %store/vec4 v0x112e049b0_0, 0, 32;
    %store/vec4 v0x112e04900_0, 0, 32;
    %store/vec4 v0x112e04850_0, 0, 32;
    %store/vec4 v0x112e047a0_0, 0, 32;
    %store/vec4 v0x112e046b0_0, 0, 32;
    %store/vec4 v0x112e04600_0, 0, 32;
    %store/vec4 v0x112e04540_0, 0, 32;
    %store/vec4 v0x112e04490_0, 0, 32;
    %callf/vec4 TD_fetch_unit_tb.line_bytes, S_0x112e04210;
    %free S_0x112e04210;
    %store/vec4 v0x112e08c70_0, 0, 512;
    %pushi/vec4 1, 0, 1;
    %store/vec4 v0x112e08910_0, 0, 1;
    %pushi/vec4 8192, 0, 64;
    %store/vec4 v0x112e08ac0_0, 0, 64;
    %wait E_0x133804630;
    %delay 1000, 0;
    %pushi/vec4 0, 0, 1;
    %store/vec4 v0x112e08910_0, 0, 1;
    %wait E_0x133804630;
    %delay 1000, 0;
    %pushi/vec4 0, 0, 32; draw_string_vec4
    %pushi/vec4 0, 0, 32; draw_string_vec4
    %concat/vec4; draw_string_vec4
    %pushi/vec4 0, 0, 32; draw_string_vec4
    %concat/vec4; draw_string_vec4
    %pushi/vec4 0, 0, 32; draw_string_vec4
    %concat/vec4; draw_string_vec4
    %pushi/vec4 29749, 0, 32; draw_string_vec4
    %concat/vec4; draw_string_vec4
    %pushi/vec4 543322727, 0, 32; draw_string_vec4
    %concat/vec4; draw_string_vec4
    %pushi/vec4 1948282994, 0, 32; draw_string_vec4
    %concat/vec4; draw_string_vec4
    %pushi/vec4 1701068080, 0, 32; draw_string_vec4
    %concat/vec4; draw_string_vec4
    %store/vec4 v0x133814d90_0, 0, 256;
    %load/vec4 v0x112e08e30_0;
    %store/vec4 v0x133814c50_0, 0, 1;
    %pushi/vec4 0, 0, 1;
    %store/vec4 v0x133814cf0_0, 0, 1;
    %fork TD_fetch_unit_tb.check1, S_0x133814a80;
    %join;
    %vpi_call/w 3 261 "$display", "\012--- Test 6: Forward BRR_L BHT learning ---" {0 0 0};
    %alloc S_0x112e04210;
    %pushi/vec4 3221225472, 0, 32;
    %pushi/vec4 3221225472, 0, 32;
    %pushi/vec4 16, 0, 12;
    %store/vec4 v0x112e040a0_0, 0, 12;
    %callf/vec4 TD_fetch_unit_tb.ins_brr_l, S_0x133814e50;
    %pushi/vec4 3221225472, 0, 32;
    %pushi/vec4 3221225472, 0, 32;
    %pushi/vec4 3221225472, 0, 32;
    %pushi/vec4 3221225472, 0, 32;
    %pushi/vec4 3221225472, 0, 32;
    %pushi/vec4 3221225472, 0, 32;
    %pushi/vec4 3221225472, 0, 32;
    %pushi/vec4 3221225472, 0, 32;
    %pushi/vec4 3221225472, 0, 32;
    %pushi/vec4 3221225472, 0, 32;
    %pushi/vec4 3221225472, 0, 32;
    %pushi/vec4 3221225472, 0, 32;
    %pushi/vec4 3221225472, 0, 32;
    %store/vec4 v0x112e04f90_0, 0, 32;
    %store/vec4 v0x112e04ee0_0, 0, 32;
    %store/vec4 v0x112e04e30_0, 0, 32;
    %store/vec4 v0x112e04d80_0, 0, 32;
    %store/vec4 v0x112e04cd0_0, 0, 32;
    %store/vec4 v0x112e04c20_0, 0, 32;
    %store/vec4 v0x112e04b70_0, 0, 32;
    %store/vec4 v0x112e04ac0_0, 0, 32;
    %store/vec4 v0x112e049b0_0, 0, 32;
    %store/vec4 v0x112e04900_0, 0, 32;
    %store/vec4 v0x112e04850_0, 0, 32;
    %store/vec4 v0x112e047a0_0, 0, 32;
    %store/vec4 v0x112e046b0_0, 0, 32;
    %store/vec4 v0x112e04600_0, 0, 32;
    %store/vec4 v0x112e04540_0, 0, 32;
    %store/vec4 v0x112e04490_0, 0, 32;
    %callf/vec4 TD_fetch_unit_tb.line_bytes, S_0x112e04210;
    %free S_0x112e04210;
    %store/vec4 v0x112e08c70_0, 0, 512;
    %pushi/vec4 1, 0, 1;
    %store/vec4 v0x112e08910_0, 0, 1;
    %pushi/vec4 8192, 0, 64;
    %store/vec4 v0x112e08ac0_0, 0, 64;
    %wait E_0x133804630;
    %delay 1000, 0;
    %pushi/vec4 0, 0, 1;
    %store/vec4 v0x112e08910_0, 0, 1;
    %wait E_0x133804630;
    %delay 1000, 0;
    %pushi/vec4 2, 0, 2;
    %store/vec4 v0x112e087d0_0, 0, 2;
    %wait E_0x133804630;
    %delay 1000, 0;
    %pushi/vec4 0, 0, 2;
    %store/vec4 v0x112e087d0_0, 0, 2;
    %delay 1000, 0;
    %pushi/vec4 0, 0, 32; draw_string_vec4
    %pushi/vec4 0, 0, 32; draw_string_vec4
    %concat/vec4; draw_string_vec4
    %pushi/vec4 29750, 0, 32; draw_string_vec4
    %concat/vec4; draw_string_vec4
    %pushi/vec4 543586148, 0, 32; draw_string_vec4
    %concat/vec4; draw_string_vec4
    %pushi/vec4 543322738, 0, 32; draw_string_vec4
    %concat/vec4; draw_string_vec4
    %pushi/vec4 1600921699, 0, 32; draw_string_vec4
    %concat/vec4; draw_string_vec4
    %pushi/vec4 1869374496, 0, 32; draw_string_vec4
    %concat/vec4; draw_string_vec4
    %pushi/vec4 1886545252, 0, 32; draw_string_vec4
    %concat/vec4; draw_string_vec4
    %store/vec4 v0x133814d90_0, 0, 256;
    %load/vec4 v0x112e08e30_0;
    %store/vec4 v0x133814c50_0, 0, 1;
    %pushi/vec4 0, 0, 1;
    %store/vec4 v0x133814cf0_0, 0, 1;
    %fork TD_fetch_unit_tb.check1, S_0x133814a80;
    %join;
    %pushi/vec4 0, 0, 32; draw_string_vec4
    %pushi/vec4 0, 0, 32; draw_string_vec4
    %concat/vec4; draw_string_vec4
    %pushi/vec4 0, 0, 32; draw_string_vec4
    %concat/vec4; draw_string_vec4
    %pushi/vec4 0, 0, 32; draw_string_vec4
    %concat/vec4; draw_string_vec4
    %pushi/vec4 7616032, 0, 32; draw_string_vec4
    %concat/vec4; draw_string_vec4
    %pushi/vec4 1719100448, 0, 32; draw_string_vec4
    %concat/vec4; draw_string_vec4
    %pushi/vec4 1651667551, 0, 32; draw_string_vec4
    %concat/vec4; draw_string_vec4
    %pushi/vec4 1814065251, 0, 32; draw_string_vec4
    %concat/vec4; draw_string_vec4
    %store/vec4 v0x1338149d0_0, 0, 256;
    %load/vec4 v0x112e08f90_0;
    %store/vec4 v0x133804880_0, 0, 64;
    %pushi/vec4 8200, 0, 64;
    %store/vec4 v0x133814930_0, 0, 64;
    %fork TD_fetch_unit_tb.check, S_0x1338046c0;
    %join;
    %pushi/vec4 1, 0, 1;
    %store/vec4 v0x112e085e0_0, 0, 1;
    %pushi/vec4 8200, 0, 64;
    %store/vec4 v0x112e08670_0, 0, 64;
    %pushi/vec4 0, 0, 1;
    %store/vec4 v0x112e08550_0, 0, 1;
    %pushi/vec4 1, 0, 1;
    %store/vec4 v0x112e084a0_0, 0, 1;
    %wait E_0x133804630;
    %delay 1000, 0;
    %pushi/vec4 0, 0, 1;
    %store/vec4 v0x112e085e0_0, 0, 1;
    %pushi/vec4 1, 0, 1;
    %store/vec4 v0x112e08910_0, 0, 1;
    %pushi/vec4 8192, 0, 64;
    %store/vec4 v0x112e08ac0_0, 0, 64;
    %wait E_0x133804630;
    %delay 1000, 0;
    %pushi/vec4 0, 0, 1;
    %store/vec4 v0x112e08910_0, 0, 1;
    %wait E_0x133804630;
    %delay 1000, 0;
    %pushi/vec4 2, 0, 2;
    %store/vec4 v0x112e087d0_0, 0, 2;
    %wait E_0x133804630;
    %delay 1000, 0;
    %pushi/vec4 0, 0, 2;
    %store/vec4 v0x112e087d0_0, 0, 2;
    %delay 1000, 0;
    %pushi/vec4 0, 0, 32; draw_string_vec4
    %pushi/vec4 116, 0, 32; draw_string_vec4
    %concat/vec4; draw_string_vec4
    %pushi/vec4 908093047, 0, 32; draw_string_vec4
    %concat/vec4; draw_string_vec4
    %pushi/vec4 1679843954, 0, 32; draw_string_vec4
    %concat/vec4; draw_string_vec4
    %pushi/vec4 1918856224, 0, 32; draw_string_vec4
    %concat/vec4; draw_string_vec4
    %pushi/vec4 1953653097, 0, 32; draw_string_vec4
    %concat/vec4; draw_string_vec4
    %pushi/vec4 1852138528, 0, 32; draw_string_vec4
    %concat/vec4; draw_string_vec4
    %pushi/vec4 1886545252, 0, 32; draw_string_vec4
    %concat/vec4; draw_string_vec4
    %store/vec4 v0x133814d90_0, 0, 256;
    %load/vec4 v0x112e08e30_0;
    %store/vec4 v0x133814c50_0, 0, 1;
    %pushi/vec4 1, 0, 1;
    %store/vec4 v0x133814cf0_0, 0, 1;
    %fork TD_fetch_unit_tb.check1, S_0x133814a80;
    %join;
    %pushi/vec4 1, 0, 2;
    %store/vec4 v0x112e087d0_0, 0, 2;
    %wait E_0x133804630;
    %delay 1000, 0;
    %pushi/vec4 0, 0, 2;
    %store/vec4 v0x112e087d0_0, 0, 2;
    %delay 1000, 0;
    %pushi/vec4 0, 0, 32; draw_string_vec4
    %pushi/vec4 0, 0, 32; draw_string_vec4
    %concat/vec4; draw_string_vec4
    %pushi/vec4 0, 0, 32; draw_string_vec4
    %concat/vec4; draw_string_vec4
    %pushi/vec4 29750, 0, 32; draw_string_vec4
    %concat/vec4; draw_string_vec4
    %pushi/vec4 544367972, 0, 32; draw_string_vec4
    %concat/vec4; draw_string_vec4
    %pushi/vec4 1769104739, 0, 32; draw_string_vec4
    %concat/vec4; draw_string_vec4
    %pushi/vec4 1948284001, 0, 32; draw_string_vec4
    %concat/vec4; draw_string_vec4
    %pushi/vec4 1919378804, 0, 32; draw_string_vec4
    %concat/vec4; draw_string_vec4
    %store/vec4 v0x1338149d0_0, 0, 256;
    %load/vec4 v0x112e08f90_0;
    %store/vec4 v0x133804880_0, 0, 64;
    %pushi/vec4 8216, 0, 64;
    %store/vec4 v0x133814930_0, 0, 64;
    %fork TD_fetch_unit_tb.check, S_0x1338046c0;
    %join;
    %vpi_call/w 3 320 "$display", "\012--- Test 7: Backward BRR_L static taken ---" {0 0 0};
    %alloc S_0x112e04210;
    %pushi/vec4 3221225472, 0, 32;
    %pushi/vec4 3221225472, 0, 32;
    %pushi/vec4 3221225472, 0, 32;
    %pushi/vec4 3221225472, 0, 32;
    %pushi/vec4 4088, 0, 12;
    %store/vec4 v0x112e040a0_0, 0, 12;
    %callf/vec4 TD_fetch_unit_tb.ins_brr_l, S_0x133814e50;
    %pushi/vec4 3221225472, 0, 32;
    %pushi/vec4 3221225472, 0, 32;
    %pushi/vec4 3221225472, 0, 32;
    %pushi/vec4 3221225472, 0, 32;
    %pushi/vec4 3221225472, 0, 32;
    %pushi/vec4 3221225472, 0, 32;
    %pushi/vec4 3221225472, 0, 32;
    %pushi/vec4 3221225472, 0, 32;
    %pushi/vec4 3221225472, 0, 32;
    %pushi/vec4 3221225472, 0, 32;
    %pushi/vec4 3221225472, 0, 32;
    %store/vec4 v0x112e04f90_0, 0, 32;
    %store/vec4 v0x112e04ee0_0, 0, 32;
    %store/vec4 v0x112e04e30_0, 0, 32;
    %store/vec4 v0x112e04d80_0, 0, 32;
    %store/vec4 v0x112e04cd0_0, 0, 32;
    %store/vec4 v0x112e04c20_0, 0, 32;
    %store/vec4 v0x112e04b70_0, 0, 32;
    %store/vec4 v0x112e04ac0_0, 0, 32;
    %store/vec4 v0x112e049b0_0, 0, 32;
    %store/vec4 v0x112e04900_0, 0, 32;
    %store/vec4 v0x112e04850_0, 0, 32;
    %store/vec4 v0x112e047a0_0, 0, 32;
    %store/vec4 v0x112e046b0_0, 0, 32;
    %store/vec4 v0x112e04600_0, 0, 32;
    %store/vec4 v0x112e04540_0, 0, 32;
    %store/vec4 v0x112e04490_0, 0, 32;
    %callf/vec4 TD_fetch_unit_tb.line_bytes, S_0x112e04210;
    %free S_0x112e04210;
    %store/vec4 v0x112e08c70_0, 0, 512;
    %pushi/vec4 1, 0, 1;
    %store/vec4 v0x112e08910_0, 0, 1;
    %pushi/vec4 8192, 0, 64;
    %store/vec4 v0x112e08ac0_0, 0, 64;
    %wait E_0x133804630;
    %delay 1000, 0;
    %pushi/vec4 0, 0, 1;
    %store/vec4 v0x112e08910_0, 0, 1;
    %wait E_0x133804630;
    %delay 1000, 0;
    %pushi/vec4 2, 0, 2;
    %store/vec4 v0x112e087d0_0, 0, 2;
    %wait E_0x133804630;
    %delay 1000, 0;
    %pushi/vec4 2, 0, 2;
    %store/vec4 v0x112e087d0_0, 0, 2;
    %wait E_0x133804630;
    %delay 1000, 0;
    %pushi/vec4 0, 0, 2;
    %store/vec4 v0x112e087d0_0, 0, 2;
    %delay 1000, 0;
    %pushi/vec4 0, 0, 32; draw_string_vec4
    %pushi/vec4 0, 0, 32; draw_string_vec4
    %concat/vec4; draw_string_vec4
    %pushi/vec4 0, 0, 32; draw_string_vec4
    %concat/vec4; draw_string_vec4
    %pushi/vec4 29751, 0, 32; draw_string_vec4
    %concat/vec4; draw_string_vec4
    %pushi/vec4 543320951, 0, 32; draw_string_vec4
    %concat/vec4; draw_string_vec4
    %pushi/vec4 1679847538, 0, 32; draw_string_vec4
    %concat/vec4; draw_string_vec4
    %pushi/vec4 1701060724, 0, 32; draw_string_vec4
    %concat/vec4; draw_string_vec4
    %pushi/vec4 1634428270, 0, 32; draw_string_vec4
    %concat/vec4; draw_string_vec4
    %store/vec4 v0x133814d90_0, 0, 256;
    %load/vec4 v0x112e08e30_0;
    %store/vec4 v0x133814c50_0, 0, 1;
    %pushi/vec4 1, 0, 1;
    %store/vec4 v0x133814cf0_0, 0, 1;
    %fork TD_fetch_unit_tb.check1, S_0x133814a80;
    %join;
    %pushi/vec4 0, 0, 32; draw_string_vec4
    %pushi/vec4 0, 0, 32; draw_string_vec4
    %concat/vec4; draw_string_vec4
    %pushi/vec4 0, 0, 32; draw_string_vec4
    %concat/vec4; draw_string_vec4
    %pushi/vec4 0, 0, 32; draw_string_vec4
    %concat/vec4; draw_string_vec4
    %pushi/vec4 1949769826, 0, 32; draw_string_vec4
    %concat/vec4; draw_string_vec4
    %pushi/vec4 1802986528, 0, 32; draw_string_vec4
    %concat/vec4; draw_string_vec4
    %pushi/vec4 1651667551, 0, 32; draw_string_vec4
    %concat/vec4; draw_string_vec4
    %pushi/vec4 1814065251, 0, 32; draw_string_vec4
    %concat/vec4; draw_string_vec4
    %store/vec4 v0x1338149d0_0, 0, 256;
    %load/vec4 v0x112e08f90_0;
    %store/vec4 v0x133804880_0, 0, 64;
    %pushi/vec4 8208, 0, 64;
    %store/vec4 v0x133814930_0, 0, 64;
    %fork TD_fetch_unit_tb.check, S_0x1338046c0;
    %join;
    %pushi/vec4 1, 0, 2;
    %store/vec4 v0x112e087d0_0, 0, 2;
    %wait E_0x133804630;
    %delay 1000, 0;
    %pushi/vec4 0, 0, 2;
    %store/vec4 v0x112e087d0_0, 0, 2;
    %delay 1000, 0;
    %pushi/vec4 0, 0, 32; draw_string_vec4
    %pushi/vec4 0, 0, 32; draw_string_vec4
    %concat/vec4; draw_string_vec4
    %pushi/vec4 0, 0, 32; draw_string_vec4
    %concat/vec4; draw_string_vec4
    %pushi/vec4 0, 0, 32; draw_string_vec4
    %concat/vec4; draw_string_vec4
    %pushi/vec4 29751, 0, 32; draw_string_vec4
    %concat/vec4; draw_string_vec4
    %pushi/vec4 543320951, 0, 32; draw_string_vec4
    %concat/vec4; draw_string_vec4
    %pushi/vec4 1679848545, 0, 32; draw_string_vec4
    %concat/vec4; draw_string_vec4
    %pushi/vec4 1919378804, 0, 32; draw_string_vec4
    %concat/vec4; draw_string_vec4
    %store/vec4 v0x1338149d0_0, 0, 256;
    %load/vec4 v0x112e08f90_0;
    %store/vec4 v0x133804880_0, 0, 64;
    %pushi/vec4 8200, 0, 64;
    %store/vec4 v0x133814930_0, 0, 64;
    %fork TD_fetch_unit_tb.check, S_0x1338046c0;
    %join;
    %vpi_call/w 3 357 "$display", "\012==================================================" {0 0 0};
    %load/vec4 v0x112e093b0_0;
    %load/vec4 v0x112e08880_0;
    %add;
    %vpi_call/w 3 358 "$display", "  %0d / %0d tests passed", v0x112e093b0_0, S<0,vec4,s32> {1 0 0};
    %load/vec4 v0x112e08880_0;
    %cmpi/e 0, 0, 32;
    %jmp/0xz  T_10.0, 4;
    %vpi_call/w 3 360 "$display", "  ALL TESTS PASSED" {0 0 0};
    %jmp T_10.1;
T_10.0 ;
    %vpi_call/w 3 362 "$display", "  %0d TESTS FAILED", v0x112e08880_0 {0 0 0};
T_10.1 ;
    %vpi_call/w 3 363 "$display", "==================================================\012" {0 0 0};
    %vpi_call/w 3 364 "$finish" {0 0 0};
    %end;
    .thread T_10;
# The file index is used to find the file name in the following table.
:file_names 5;
    "N/A";
    "<interactive>";
    "-";
    "fetch_unit_tb.sv";
    "./fetch_unit.sv";
