#! /opt/homebrew/Cellar/icarus-verilog/13.0/bin/vvp
:ivl_version "13.0 (stable)" "(v13_0)";
:ivl_delay_selection "TYPICAL";
:vpi_time_precision - 12;
:vpi_module "/opt/homebrew/Cellar/icarus-verilog/13.0/lib/ivl/system.vpi";
:vpi_module "/opt/homebrew/Cellar/icarus-verilog/13.0/lib/ivl/vhdl_sys.vpi";
:vpi_module "/opt/homebrew/Cellar/icarus-verilog/13.0/lib/ivl/vhdl_textio.vpi";
:vpi_module "/opt/homebrew/Cellar/icarus-verilog/13.0/lib/ivl/v2005_math.vpi";
:vpi_module "/opt/homebrew/Cellar/icarus-verilog/13.0/lib/ivl/va_math.vpi";
:vpi_module "/opt/homebrew/Cellar/icarus-verilog/13.0/lib/ivl/v2009.vpi";
S_0x127e17820 .scope package, "$unit" "$unit" 2 1;
 .timescale 0 0;
S_0x127e17990 .scope module, "fetch_unit_tb" "fetch_unit_tb" 3 6;
 .timescale -9 -12;
P_0x127e051a0 .param/l "INS_NOP" 1 3 48, C4<11000000000000000000000000000000>;
L_0x108040010 .functor BUFT 1, C4<0000000000000000000000000000000000000000000000000010000000000000>, C4<0>, C4<0>, C4<0>;
v0x127e2a9d0_0 .net/2u *"_ivl_0", 63 0, L_0x108040010;  1 drivers
v0x127e2aa60_0 .net *"_ivl_10", 0 0, L_0x127e2c7e0;  1 drivers
L_0x1080400e8 .functor BUFT 1, C4<00000000000000000000000000000000000000000000000000000000000000000000000000000000000000000000000000000000000000000000000000000000000000000000000000000000000000000000000000000000000000000000000000000000000000000000000000000000000000000000000000000000000000000000000000000000000000000000000000000000000000000000000000000000000000000000000000000000000000000000000000000000000000000000000000000000000000000000000000000000000000000000000000000000000000000000000000000000000000000000000000000000000000000000000000000000>, C4<0>, C4<0>, C4<0>;
v0x127e27470_0 .net/2u *"_ivl_12", 511 0, L_0x1080400e8;  1 drivers
v0x127e2aaf0_0 .net *"_ivl_14", 511 0, L_0x127e2cb50;  1 drivers
v0x127e2ab80_0 .net *"_ivl_16", 511 0, L_0x127e2cc70;  1 drivers
v0x127e2ac50_0 .net *"_ivl_2", 0 0, L_0x127e2c5a0;  1 drivers
L_0x108040058 .functor BUFT 1, C4<0000000000000000000000000000000000000000000000000010000001000000>, C4<0>, C4<0>, C4<0>;
v0x127e2ace0_0 .net/2u *"_ivl_4", 63 0, L_0x108040058;  1 drivers
v0x127e2ad90_0 .net *"_ivl_6", 0 0, L_0x127e2c6e0;  1 drivers
L_0x1080400a0 .functor BUFT 1, C4<0000000000000000000000000000000000000000000000000011000000000000>, C4<0>, C4<0>, C4<0>;
v0x127e2ae30_0 .net/2u *"_ivl_8", 63 0, L_0x1080400a0;  1 drivers
v0x127e2af40_0 .var "bht_actual_taken", 0 0;
v0x127e2aff0_0 .var "bht_pred_taken", 0 0;
v0x127e2b080_0 .var "bht_update_en", 0 0;
v0x127e2b110_0 .var "bht_update_pc", 63 0;
v0x127e2b1c0_0 .var "btb_update_en", 0 0;
v0x127e2b270_0 .var "btb_update_pc", 63 0;
v0x127e2b320_0 .var "btb_update_taken", 0 0;
v0x127e2b3d0_0 .var "btb_update_target", 63 0;
v0x127e2b580_0 .var "clk", 0 0;
v0x127e2b610_0 .var "decode_take", 1 0;
v0x127e2b6a0_0 .var/i "fail_count", 31 0;
v0x127e2b730_0 .var "flush", 0 0;
v0x127e2b7c0_0 .var "flush_pc", 63 0;
v0x127e2b850_0 .net "instr_fetch_addr", 63 0, L_0x127e2cfd0;  1 drivers
v0x127e2b900_0 .net "instr_fetch_data", 511 0, L_0x127e2cd90;  1 drivers
v0x127e2b9b0_0 .var "line_2000", 511 0;
v0x127e2ba40_0 .var "line_2040", 511 0;
v0x127e2bad0_0 .var "line_3000", 511 0;
v0x127e2bb70_0 .net "out0_br_pred", 0 0, v0x127e29320_0;  1 drivers
v0x127e2bc20_0 .net "out0_inst", 31 0, v0x127e293c0_0;  1 drivers
v0x127e2bcd0_0 .net "out0_pc", 63 0, v0x127e29470_0;  1 drivers
v0x127e2bd80_0 .net "out0_pred_target", 63 0, v0x127e29520_0;  1 drivers
v0x127e2be30_0 .net "out0_valid", 0 0, v0x127e295d0_0;  1 drivers
v0x127e2bee0_0 .net "out1_br_pred", 0 0, v0x127e28ae0_0;  1 drivers
v0x127e2b480_0 .net "out1_inst", 31 0, v0x127e29860_0;  1 drivers
v0x127e2c170_0 .net "out1_pc", 63 0, v0x127e298f0_0;  1 drivers
v0x127e2c200_0 .net "out1_pred_target", 63 0, v0x127e29980_0;  1 drivers
v0x127e2c2b0_0 .net "out1_valid", 0 0, v0x127e29a20_0;  1 drivers
v0x127e2c360_0 .var/i "pass_count", 31 0;
v0x127e2c3f0_0 .var "reset", 0 0;
v0x127e2c4a0_0 .var/i "test_num", 31 0;
E_0x127e07510 .event posedge, v0x127e288f0_0;
L_0x127e2c5a0 .cmp/eq 64, L_0x127e2cfd0, L_0x108040010;
L_0x127e2c6e0 .cmp/eq 64, L_0x127e2cfd0, L_0x108040058;
L_0x127e2c7e0 .cmp/eq 64, L_0x127e2cfd0, L_0x1080400a0;
L_0x127e2cb50 .functor MUXZ 512, L_0x1080400e8, v0x127e2bad0_0, L_0x127e2c7e0, C4<>;
L_0x127e2cc70 .functor MUXZ 512, L_0x127e2cb50, v0x127e2ba40_0, L_0x127e2c6e0, C4<>;
L_0x127e2cd90 .functor MUXZ 512, L_0x127e2cc70, v0x127e2b9b0_0, L_0x127e2c5a0, C4<>;
S_0x127e17b00 .scope task, "check" "check" 3 84, 3 84 0, S_0x127e17990;
 .timescale -9 -12;
v0x127e052a0_0 .var "actual", 63 0;
v0x127e25b00_0 .var "expected", 63 0;
v0x127e25ba0_0 .var "label", 255 0;
TD_fetch_unit_tb.check ;
    %load/vec4 v0x127e2c4a0_0;
    %addi 1, 0, 32;
    %store/vec4 v0x127e2c4a0_0, 0, 32;
    %load/vec4 v0x127e052a0_0;
    %load/vec4 v0x127e25b00_0;
    %cmp/e;
    %jmp/0xz  T_0.0, 6;
    %load/vec4 v0x127e2c360_0;
    %addi 1, 0, 32;
    %store/vec4 v0x127e2c360_0, 0, 32;
    %jmp T_0.1;
T_0.0 ;
    %vpi_call/w 3 88 "$display", "FAIL test %0d [%0s]: got %h exp %h", v0x127e2c4a0_0, v0x127e25ba0_0, v0x127e052a0_0, v0x127e25b00_0 {0 0 0};
    %load/vec4 v0x127e2b6a0_0;
    %addi 1, 0, 32;
    %store/vec4 v0x127e2b6a0_0, 0, 32;
T_0.1 ;
    %end;
S_0x127e25c50 .scope task, "check1" "check1" 3 93, 3 93 0, S_0x127e17990;
 .timescale -9 -12;
v0x127e25e20_0 .var "actual", 0 0;
v0x127e25ec0_0 .var "expected", 0 0;
v0x127e25f60_0 .var "label", 255 0;
TD_fetch_unit_tb.check1 ;
    %load/vec4 v0x127e2c4a0_0;
    %addi 1, 0, 32;
    %store/vec4 v0x127e2c4a0_0, 0, 32;
    %load/vec4 v0x127e25e20_0;
    %load/vec4 v0x127e25ec0_0;
    %cmp/e;
    %jmp/0xz  T_1.2, 6;
    %load/vec4 v0x127e2c360_0;
    %addi 1, 0, 32;
    %store/vec4 v0x127e2c360_0, 0, 32;
    %jmp T_1.3;
T_1.2 ;
    %vpi_call/w 3 97 "$display", "FAIL test %0d [%0s]: got %b exp %b", v0x127e2c4a0_0, v0x127e25f60_0, v0x127e25e20_0, v0x127e25ec0_0 {0 0 0};
    %load/vec4 v0x127e2b6a0_0;
    %addi 1, 0, 32;
    %store/vec4 v0x127e2b6a0_0, 0, 32;
T_1.3 ;
    %end;
S_0x127e26020 .scope function.vec4.s32, "ins_brr_l" "ins_brr_l" 3 54, 3 54 0, S_0x127e17990;
 .timescale -9 -12;
v0x127e26200_0 .var "L12", 11 0;
; Variable ins_brr_l is vec4 return value of scope S_0x127e26020
TD_fetch_unit_tb.ins_brr_l ;
    %pushi/vec4 10, 0, 5;
    %concati/vec4 0, 0, 5;
    %concati/vec4 0, 0, 5;
    %concati/vec4 0, 0, 5;
    %load/vec4 v0x127e26200_0;
    %concat/vec4; draw_concat_vec4
    %ret/vec4 0, 0, 32;  Assign to ins_brr_l (store_vec4_to_lval)
    %end;
S_0x127e26360 .scope autofunction.vec4.s512, "line_bytes" "line_bytes" 3 36, 3 36 0, S_0x127e17990;
 .timescale -9 -12;
; Variable line_bytes is vec4 return value of scope S_0x127e26360
v0x127e265e0_0 .var "w0", 31 0;
v0x127e26690_0 .var "w1", 31 0;
v0x127e26750_0 .var "w2", 31 0;
v0x127e26800_0 .var "w3", 31 0;
v0x127e268f0_0 .var "w4", 31 0;
v0x127e269a0_0 .var "w5", 31 0;
v0x127e26a50_0 .var "w6", 31 0;
v0x127e26b00_0 .var "w7", 31 0;
v0x127e26c10_0 .var "w8", 31 0;
v0x127e26cc0_0 .var "w9", 31 0;
v0x127e26d70_0 .var "wa", 31 0;
v0x127e26e20_0 .var "wb", 31 0;
v0x127e26ed0_0 .var "wc", 31 0;
v0x127e26f80_0 .var "wd", 31 0;
v0x127e27030_0 .var "we", 31 0;
v0x127e270e0_0 .var "wf", 31 0;
TD_fetch_unit_tb.line_bytes ;
    %load/vec4 v0x127e270e0_0;
    %load/vec4 v0x127e27030_0;
    %concat/vec4; draw_concat_vec4
    %load/vec4 v0x127e26f80_0;
    %concat/vec4; draw_concat_vec4
    %load/vec4 v0x127e26ed0_0;
    %concat/vec4; draw_concat_vec4
    %load/vec4 v0x127e26e20_0;
    %concat/vec4; draw_concat_vec4
    %load/vec4 v0x127e26d70_0;
    %concat/vec4; draw_concat_vec4
    %load/vec4 v0x127e26cc0_0;
    %concat/vec4; draw_concat_vec4
    %load/vec4 v0x127e26c10_0;
    %concat/vec4; draw_concat_vec4
    %load/vec4 v0x127e26b00_0;
    %concat/vec4; draw_concat_vec4
    %load/vec4 v0x127e26a50_0;
    %concat/vec4; draw_concat_vec4
    %load/vec4 v0x127e269a0_0;
    %concat/vec4; draw_concat_vec4
    %load/vec4 v0x127e268f0_0;
    %concat/vec4; draw_concat_vec4
    %load/vec4 v0x127e26800_0;
    %concat/vec4; draw_concat_vec4
    %load/vec4 v0x127e26750_0;
    %concat/vec4; draw_concat_vec4
    %load/vec4 v0x127e26690_0;
    %concat/vec4; draw_concat_vec4
    %load/vec4 v0x127e265e0_0;
    %concat/vec4; draw_concat_vec4
    %ret/vec4 0, 0, 512;  Assign to line_bytes (store_vec4_to_lval)
    %end;
S_0x127e27270 .scope module, "u_ifu" "fetch_unit" 3 65, 4 8 0, S_0x127e17990;
 .timescale -9 -12;
    .port_info 0 /INPUT 1 "clk";
    .port_info 1 /INPUT 1 "reset";
    .port_info 2 /OUTPUT 64 "instr_fetch_addr";
    .port_info 3 /INPUT 512 "instr_fetch_data";
    .port_info 4 /INPUT 2 "decode_take";
    .port_info 5 /OUTPUT 32 "out0_inst";
    .port_info 6 /OUTPUT 64 "out0_pc";
    .port_info 7 /OUTPUT 1 "out0_br_pred";
    .port_info 8 /OUTPUT 64 "out0_pred_target";
    .port_info 9 /OUTPUT 1 "out0_valid";
    .port_info 10 /OUTPUT 32 "out1_inst";
    .port_info 11 /OUTPUT 64 "out1_pc";
    .port_info 12 /OUTPUT 1 "out1_br_pred";
    .port_info 13 /OUTPUT 64 "out1_pred_target";
    .port_info 14 /OUTPUT 1 "out1_valid";
    .port_info 15 /INPUT 1 "flush";
    .port_info 16 /INPUT 64 "flush_pc";
    .port_info 17 /INPUT 1 "bht_update_en";
    .port_info 18 /INPUT 64 "bht_update_pc";
    .port_info 19 /INPUT 1 "bht_pred_taken";
    .port_info 20 /INPUT 1 "bht_actual_taken";
    .port_info 21 /INPUT 1 "btb_update_en";
    .port_info 22 /INPUT 64 "btb_update_pc";
    .port_info 23 /INPUT 64 "btb_update_target";
    .port_info 24 /INPUT 1 "btb_update_taken";
P_0x127e26b90 .param/l "OPC_BRR_L" 1 4 44, C4<01010>;
v0x127e27ef0_0 .net *"_ivl_1", 57 0, L_0x127e2cef0;  1 drivers
L_0x108040130 .functor BUFT 1, C4<000000>, C4<0>, C4<0>, C4<0>;
v0x127e27fb0_0 .net/2u *"_ivl_2", 5 0, L_0x108040130;  1 drivers
v0x127e28060_0 .net "bht_actual_taken", 0 0, v0x127e2af40_0;  1 drivers
v0x127e28110_0 .var "bht_bits", 255 0;
v0x127e281c0_0 .net "bht_pred_taken", 0 0, v0x127e2aff0_0;  1 drivers
v0x127e282a0_0 .net "bht_update_en", 0 0, v0x127e2b080_0;  1 drivers
v0x127e28340_0 .net "bht_update_pc", 63 0, v0x127e2b110_0;  1 drivers
v0x127e283f0_0 .var "btb_idx", 5 0;
v0x127e284a0 .array "btb_target", 63 0, 63 0;
v0x127e285b0_0 .net "btb_update_en", 0 0, v0x127e2b1c0_0;  1 drivers
v0x127e28640_0 .net "btb_update_pc", 63 0, v0x127e2b270_0;  1 drivers
v0x127e286f0_0 .net "btb_update_taken", 0 0, v0x127e2b320_0;  1 drivers
v0x127e28790_0 .net "btb_update_target", 63 0, v0x127e2b3d0_0;  1 drivers
v0x127e28840_0 .var "btb_valid", 63 0;
v0x127e288f0_0 .net "clk", 0 0, v0x127e2b580_0;  1 drivers
v0x127e28990_0 .var "cnt", 4 0;
v0x127e28a40_0 .net "decode_take", 1 0, v0x127e2b610_0;  1 drivers
v0x127e28bd0_0 .var "fetch_pc", 63 0;
v0x127e28c60_0 .net "flush", 0 0, v0x127e2b730_0;  1 drivers
v0x127e28d00_0 .net "flush_pc", 63 0, v0x127e2b7c0_0;  1 drivers
v0x127e28db0_0 .var "fpc", 63 0;
v0x127e28e60_0 .var "insn_pc", 63 0;
v0x127e28f10_0 .var "insn_w", 31 0;
v0x127e28fc0_0 .net "instr_fetch_addr", 63 0, L_0x127e2cfd0;  alias, 1 drivers
v0x127e29070_0 .net "instr_fetch_data", 511 0, L_0x127e2cd90;  alias, 1 drivers
v0x127e29120_0 .var "is_br", 0 0;
v0x127e291c0_0 .var "lbase", 63 0;
v0x127e29270_0 .var "opc", 4 0;
v0x127e29320_0 .var "out0_br_pred", 0 0;
v0x127e293c0_0 .var "out0_inst", 31 0;
v0x127e29470_0 .var "out0_pc", 63 0;
v0x127e29520_0 .var "out0_pred_target", 63 0;
v0x127e295d0_0 .var "out0_valid", 0 0;
v0x127e28ae0_0 .var "out1_br_pred", 0 0;
v0x127e29860_0 .var "out1_inst", 31 0;
v0x127e298f0_0 .var "out1_pc", 63 0;
v0x127e29980_0 .var "out1_pred_target", 63 0;
v0x127e29a20_0 .var "out1_valid", 0 0;
v0x127e29ac0_0 .var "pred_taken", 0 0;
v0x127e29b60_0 .var "pred_target", 63 0;
v0x127e29c10_0 .var "q_count", 4 0;
v0x127e29cc0 .array "q_inst", 15 0, 31 0;
v0x127e29d60 .array "q_pc", 15 0, 63 0;
v0x127e29e00_0 .var "q_pred", 15 0;
v0x127e29eb0 .array "q_pred_target", 15 0, 63 0;
v0x127e29f50_0 .var "rd_ptr", 3 0;
v0x127e2a000_0 .var "rdp1", 3 0;
v0x127e2a0b0_0 .net "reset", 0 0, v0x127e2c3f0_0;  1 drivers
v0x127e2a150_0 .var/i "ri", 31 0;
v0x127e2a200_0 .var "rp", 3 0;
v0x127e2a2b0_0 .var "se_L", 63 0;
v0x127e2a360_0 .var "stop_line", 0 0;
v0x127e2a400_0 .var "sw", 3 0;
v0x127e2a4b0_0 .var "take", 1 0;
v0x127e2a560_0 .var/i "w", 31 0;
v0x127e2a610_0 .var "wp", 3 0;
v0x127e2a6c0_0 .var "wr_ptr", 3 0;
E_0x127e27860 .event posedge, v0x127e2a0b0_0, v0x127e288f0_0;
L_0x127e2cef0 .part v0x127e28bd0_0, 6, 58;
L_0x127e2cfd0 .concat [ 6 58 0 0], L_0x108040130, L_0x127e2cef0;
S_0x127e278b0 .scope autofunction.vec4.s4, "inc_ptr" "inc_ptr" 4 54, 4 54 0, S_0x127e27270;
 .timescale -9 -12;
; Variable inc_ptr is vec4 return value of scope S_0x127e278b0
v0x127e27b40_0 .var "x", 3 0;
TD_fetch_unit_tb.u_ifu.inc_ptr ;
    %load/vec4 v0x127e27b40_0;
    %cmpi/e 15, 0, 4;
    %flag_mov 8, 4;
    %jmp/0 T_4.4, 8;
    %pushi/vec4 0, 0, 4;
    %jmp/1 T_4.5, 8;
T_4.4 ; End of true expr.
    %load/vec4 v0x127e27b40_0;
    %addi 1, 0, 4;
    %jmp/0 T_4.5, 8;
 ; End of false expr.
    %blend;
T_4.5;
    %ret/vec4 0, 0, 4;  Assign to inc_ptr (store_vec4_to_lval)
    %end;
S_0x127e27be0 .scope autofunction.vec4.s1, "is_branch_opcode" "is_branch_opcode" 4 46, 4 46 0, S_0x127e27270;
 .timescale -9 -12;
; Variable is_branch_opcode is vec4 return value of scope S_0x127e27be0
v0x127e27e40_0 .var "op", 4 0;
TD_fetch_unit_tb.u_ifu.is_branch_opcode ;
    %load/vec4 v0x127e27e40_0;
    %cmpi/e 8, 0, 5;
    %jmp/1 T_5.11, 4;
    %flag_mov 8, 4;
    %load/vec4 v0x127e27e40_0;
    %cmpi/e 9, 0, 5;
    %flag_or 4, 8;
T_5.11;
    %jmp/1 T_5.10, 4;
    %flag_mov 8, 4;
    %load/vec4 v0x127e27e40_0;
    %cmpi/e 10, 0, 5;
    %flag_or 4, 8;
T_5.10;
    %jmp/1 T_5.9, 4;
    %flag_mov 8, 4;
    %load/vec4 v0x127e27e40_0;
    %cmpi/e 11, 0, 5;
    %flag_or 4, 8;
T_5.9;
    %jmp/1 T_5.8, 4;
    %flag_mov 8, 4;
    %load/vec4 v0x127e27e40_0;
    %cmpi/e 12, 0, 5;
    %flag_or 4, 8;
T_5.8;
    %jmp/1 T_5.7, 4;
    %flag_mov 8, 4;
    %load/vec4 v0x127e27e40_0;
    %cmpi/e 13, 0, 5;
    %flag_or 4, 8;
T_5.7;
    %flag_get/vec4 4;
    %jmp/1 T_5.6, 4;
    %load/vec4 v0x127e27e40_0;
    %pushi/vec4 14, 0, 5;
    %cmp/e;
    %flag_get/vec4 4;
    %or;
T_5.6;
    %ret/vec4 0, 0, 1;  Assign to is_branch_opcode (store_vec4_to_lval)
    %end;
    .scope S_0x127e27270;
T_6 ;
    %wait E_0x127e27860;
    %load/vec4 v0x127e2a0b0_0;
    %flag_set/vec4 8;
    %jmp/0xz  T_6.0, 8;
    %pushi/vec4 8192, 0, 64;
    %assign/vec4 v0x127e28bd0_0, 0;
    %pushi/vec4 0, 0, 4;
    %assign/vec4 v0x127e2a6c0_0, 0;
    %pushi/vec4 0, 0, 4;
    %assign/vec4 v0x127e29f50_0, 0;
    %pushi/vec4 0, 0, 5;
    %assign/vec4 v0x127e29c10_0, 0;
    %pushi/vec4 0, 0, 256;
    %assign/vec4 v0x127e28110_0, 0;
    %pushi/vec4 0, 0, 64;
    %assign/vec4 v0x127e28840_0, 0;
    %pushi/vec4 0, 0, 1;
    %assign/vec4 v0x127e295d0_0, 0;
    %pushi/vec4 0, 0, 1;
    %assign/vec4 v0x127e29a20_0, 0;
    %pushi/vec4 0, 0, 32;
    %assign/vec4 v0x127e293c0_0, 0;
    %pushi/vec4 0, 0, 64;
    %assign/vec4 v0x127e29470_0, 0;
    %pushi/vec4 0, 0, 1;
    %assign/vec4 v0x127e29320_0, 0;
    %pushi/vec4 0, 0, 64;
    %assign/vec4 v0x127e29520_0, 0;
    %pushi/vec4 0, 0, 32;
    %assign/vec4 v0x127e29860_0, 0;
    %pushi/vec4 0, 0, 64;
    %assign/vec4 v0x127e298f0_0, 0;
    %pushi/vec4 0, 0, 1;
    %assign/vec4 v0x127e28ae0_0, 0;
    %pushi/vec4 0, 0, 64;
    %assign/vec4 v0x127e29980_0, 0;
    %pushi/vec4 0, 0, 32;
    %store/vec4 v0x127e2a150_0, 0, 32;
T_6.2 ; Top of for-loop
    %load/vec4 v0x127e2a150_0;
    %cmpi/s 64, 0, 32;
	  %jmp/0xz T_6.3, 5;
    %pushi/vec4 0, 0, 64;
    %ix/getv/s 3, v0x127e2a150_0;
    %ix/load 4, 0, 0; Constant delay
    %assign/vec4/a/d v0x127e284a0, 0, 4;
T_6.4 ; for-loop step statement
    %load/vec4 v0x127e2a150_0;
    %addi 1, 0, 32;
    %store/vec4 v0x127e2a150_0, 0, 32;
    %jmp T_6.2;
T_6.3 ; for-loop exit label
    %jmp T_6.1;
T_6.0 ;
    %load/vec4 v0x127e282a0_0;
    %flag_set/vec4 9;
    %flag_get/vec4 9;
    %jmp/0 T_6.7, 9;
    %load/vec4 v0x127e281c0_0;
    %load/vec4 v0x127e28060_0;
    %cmp/ne;
    %flag_get/vec4 4;
    %and;
T_6.7;
    %flag_set/vec4 8;
    %jmp/0xz  T_6.5, 8;
    %load/vec4 v0x127e28110_0;
    %load/vec4 v0x127e28340_0;
    %parti/s 8, 2, 3;
    %part/u 1;
    %inv;
    %ix/load 5, 0, 0;
    %load/vec4 v0x127e28340_0;
    %parti/s 8, 2, 3;
    %ix/vec4 4;
    %assign/vec4/off/d v0x127e28110_0, 4, 5;
T_6.5 ;
    %load/vec4 v0x127e285b0_0;
    %flag_set/vec4 9;
    %flag_get/vec4 9;
    %jmp/0 T_6.10, 9;
    %load/vec4 v0x127e286f0_0;
    %and;
T_6.10;
    %flag_set/vec4 8;
    %jmp/0xz  T_6.8, 8;
    %pushi/vec4 1, 0, 1;
    %ix/load 5, 0, 0;
    %load/vec4 v0x127e28640_0;
    %parti/s 6, 2, 3;
    %ix/vec4 4;
    %assign/vec4/off/d v0x127e28840_0, 4, 5;
    %load/vec4 v0x127e28790_0;
    %load/vec4 v0x127e28640_0;
    %parti/s 6, 2, 3;
    %pad/u 8;
    %ix/vec4 3;
    %ix/load 4, 0, 0; Constant delay
    %assign/vec4/a/d v0x127e284a0, 0, 4;
T_6.8 ;
    %load/vec4 v0x127e28c60_0;
    %flag_set/vec4 8;
    %jmp/0xz  T_6.11, 8;
    %load/vec4 v0x127e28d00_0;
    %assign/vec4 v0x127e28bd0_0, 0;
    %pushi/vec4 0, 0, 4;
    %assign/vec4 v0x127e2a6c0_0, 0;
    %pushi/vec4 0, 0, 4;
    %assign/vec4 v0x127e29f50_0, 0;
    %pushi/vec4 0, 0, 5;
    %assign/vec4 v0x127e29c10_0, 0;
    %pushi/vec4 0, 0, 1;
    %assign/vec4 v0x127e295d0_0, 0;
    %pushi/vec4 0, 0, 1;
    %assign/vec4 v0x127e29a20_0, 0;
    %jmp T_6.12;
T_6.11 ;
    %load/vec4 v0x127e29c10_0;
    %store/vec4 v0x127e28990_0, 0, 5;
    %load/vec4 v0x127e29f50_0;
    %store/vec4 v0x127e2a200_0, 0, 4;
    %load/vec4 v0x127e2a6c0_0;
    %store/vec4 v0x127e2a610_0, 0, 4;
    %load/vec4 v0x127e28bd0_0;
    %store/vec4 v0x127e28db0_0, 0, 64;
    %load/vec4 v0x127e28a40_0;
    %dup/vec4;
    %pushi/vec4 0, 0, 2;
    %cmp/u;
    %jmp/1 T_6.13, 6;
    %dup/vec4;
    %pushi/vec4 1, 0, 2;
    %cmp/u;
    %jmp/1 T_6.14, 6;
    %load/vec4 v0x127e28990_0;
    %cmpi/u 2, 0, 5;
    %flag_inv 5; GE is !LT
    %flag_mov 8, 5;
    %jmp/0 T_6.17, 8;
    %pushi/vec4 2, 0, 2;
    %jmp/1 T_6.18, 8;
T_6.17 ; End of true expr.
    %load/vec4 v0x127e28990_0;
    %cmpi/e 1, 0, 5;
    %flag_mov 9, 4;
    %jmp/0 T_6.19, 9;
    %pushi/vec4 1, 0, 2;
    %jmp/1 T_6.20, 9;
T_6.19 ; End of true expr.
    %pushi/vec4 0, 0, 2;
    %jmp/0 T_6.20, 9;
 ; End of false expr.
    %blend;
T_6.20;
    %jmp/0 T_6.18, 8;
 ; End of false expr.
    %blend;
T_6.18;
    %store/vec4 v0x127e2a4b0_0, 0, 2;
    %jmp T_6.16;
T_6.13 ;
    %pushi/vec4 0, 0, 2;
    %store/vec4 v0x127e2a4b0_0, 0, 2;
    %jmp T_6.16;
T_6.14 ;
    %load/vec4 v0x127e28990_0;
    %cmpi/u 1, 0, 5;
    %flag_inv 5; GE is !LT
    %flag_mov 8, 5;
    %jmp/0 T_6.21, 8;
    %pushi/vec4 1, 0, 2;
    %jmp/1 T_6.22, 8;
T_6.21 ; End of true expr.
    %pushi/vec4 0, 0, 2;
    %jmp/0 T_6.22, 8;
 ; End of false expr.
    %blend;
T_6.22;
    %store/vec4 v0x127e2a4b0_0, 0, 2;
    %jmp T_6.16;
T_6.16 ;
    %pop/vec4 1;
    %load/vec4 v0x127e2a4b0_0;
    %cmpi/e 2, 0, 2;
    %jmp/0xz  T_6.23, 4;
    %load/vec4 v0x127e28990_0;
    %subi 2, 0, 5;
    %store/vec4 v0x127e28990_0, 0, 5;
    %alloc S_0x127e278b0;
    %alloc S_0x127e278b0;
    %load/vec4 v0x127e29f50_0;
    %store/vec4 v0x127e27b40_0, 0, 4;
    %callf/vec4 TD_fetch_unit_tb.u_ifu.inc_ptr, S_0x127e278b0;
    %free S_0x127e278b0;
    %store/vec4 v0x127e27b40_0, 0, 4;
    %callf/vec4 TD_fetch_unit_tb.u_ifu.inc_ptr, S_0x127e278b0;
    %free S_0x127e278b0;
    %store/vec4 v0x127e2a200_0, 0, 4;
    %jmp T_6.24;
T_6.23 ;
    %load/vec4 v0x127e2a4b0_0;
    %cmpi/e 1, 0, 2;
    %jmp/0xz  T_6.25, 4;
    %load/vec4 v0x127e28990_0;
    %subi 1, 0, 5;
    %store/vec4 v0x127e28990_0, 0, 5;
    %alloc S_0x127e278b0;
    %load/vec4 v0x127e29f50_0;
    %store/vec4 v0x127e27b40_0, 0, 4;
    %callf/vec4 TD_fetch_unit_tb.u_ifu.inc_ptr, S_0x127e278b0;
    %free S_0x127e278b0;
    %store/vec4 v0x127e2a200_0, 0, 4;
T_6.25 ;
T_6.24 ;
    %pushi/vec4 0, 0, 1;
    %store/vec4 v0x127e2a360_0, 0, 1;
    %load/vec4 v0x127e28db0_0;
    %parti/s 58, 6, 4;
    %concati/vec4 0, 0, 6;
    %store/vec4 v0x127e291c0_0, 0, 64;
    %load/vec4 v0x127e28db0_0;
    %parti/s 4, 2, 3;
    %store/vec4 v0x127e2a400_0, 0, 4;
    %load/vec4 v0x127e28990_0;
    %cmpi/u 16, 0, 5;
    %jmp/0xz  T_6.27, 5;
    %load/vec4 v0x127e2a400_0;
    %pad/u 32;
    %store/vec4 v0x127e2a560_0, 0, 32;
T_6.29 ; Top of for-loop
    %load/vec4 v0x127e2a560_0;
    %cmpi/s 15, 0, 32;
    %flag_or 5, 4;
	  %jmp/0xz T_6.30, 5;
    %load/vec4 v0x127e2a360_0;
    %flag_set/vec4 9;
    %flag_get/vec4 9;
    %jmp/1 T_6.34, 9;
    %pushi/vec4 16, 0, 5;
    %load/vec4 v0x127e28990_0;
    %cmp/u;
    %flag_get/vec4 4;
    %flag_get/vec4 5;
    %or;
    %or;
T_6.34;
    %nor/r;
    %flag_set/vec4 8;
    %jmp/0xz  T_6.32, 8;
    %load/vec4 v0x127e29070_0;
    %load/vec4 v0x127e2a560_0;
    %muli 32, 0, 32;
    %part/s 32;
    %store/vec4 v0x127e28f10_0, 0, 32;
    %load/vec4 v0x127e291c0_0;
    %load/vec4 v0x127e2a560_0;
    %pad/u 64;
    %ix/load 4, 2, 0;
    %flag_set/imm 4, 0;
    %shiftl 4;
    %add;
    %store/vec4 v0x127e28e60_0, 0, 64;
    %load/vec4 v0x127e28f10_0;
    %parti/s 5, 27, 6;
    %store/vec4 v0x127e29270_0, 0, 5;
    %alloc S_0x127e27be0;
    %load/vec4 v0x127e29270_0;
    %store/vec4 v0x127e27e40_0, 0, 5;
    %callf/vec4 TD_fetch_unit_tb.u_ifu.is_branch_opcode, S_0x127e27be0;
    %free S_0x127e27be0;
    %store/vec4 v0x127e29120_0, 0, 1;
    %load/vec4 v0x127e28e60_0;
    %parti/s 6, 2, 3;
    %store/vec4 v0x127e283f0_0, 0, 6;
    %pushi/vec4 0, 0, 1;
    %store/vec4 v0x127e29ac0_0, 0, 1;
    %load/vec4 v0x127e28e60_0;
    %addi 4, 0, 64;
    %store/vec4 v0x127e29b60_0, 0, 64;
    %load/vec4 v0x127e29120_0;
    %flag_set/vec4 8;
    %jmp/0xz  T_6.35, 8;
    %load/vec4 v0x127e29270_0;
    %cmpi/e 10, 0, 5;
    %jmp/0xz  T_6.37, 4;
    %load/vec4 v0x127e28f10_0;
    %parti/s 1, 11, 5;
    %replicate 52;
    %load/vec4 v0x127e28f10_0;
    %parti/s 12, 0, 2;
    %concat/vec4; draw_concat_vec4
    %store/vec4 v0x127e2a2b0_0, 0, 64;
    %load/vec4 v0x127e28f10_0;
    %parti/s 1, 11, 5;
    %flag_set/vec4 8;
    %jmp/0xz  T_6.39, 8;
    %pushi/vec4 1, 0, 1;
    %store/vec4 v0x127e29ac0_0, 0, 1;
    %load/vec4 v0x127e28e60_0;
    %load/vec4 v0x127e2a2b0_0;
    %add;
    %store/vec4 v0x127e29b60_0, 0, 64;
    %jmp T_6.40;
T_6.39 ;
    %load/vec4 v0x127e28110_0;
    %load/vec4 v0x127e28e60_0;
    %parti/s 8, 2, 3;
    %part/u 1;
    %store/vec4 v0x127e29ac0_0, 0, 1;
    %load/vec4 v0x127e29ac0_0;
    %flag_set/vec4 8;
    %jmp/0xz  T_6.41, 8;
    %load/vec4 v0x127e28e60_0;
    %load/vec4 v0x127e2a2b0_0;
    %add;
    %store/vec4 v0x127e29b60_0, 0, 64;
T_6.41 ;
T_6.40 ;
    %jmp T_6.38;
T_6.37 ;
    %load/vec4 v0x127e28110_0;
    %load/vec4 v0x127e28e60_0;
    %parti/s 8, 2, 3;
    %part/u 1;
    %flag_set/vec4 9;
    %flag_get/vec4 9;
    %jmp/0 T_6.45, 9;
    %load/vec4 v0x127e28840_0;
    %load/vec4 v0x127e283f0_0;
    %part/u 1;
    %and;
T_6.45;
    %flag_set/vec4 8;
    %jmp/0xz  T_6.43, 8;
    %pushi/vec4 1, 0, 1;
    %store/vec4 v0x127e29ac0_0, 0, 1;
    %load/vec4 v0x127e283f0_0;
    %pad/u 8;
    %ix/vec4 4;
    %load/vec4a v0x127e284a0, 4;
    %store/vec4 v0x127e29b60_0, 0, 64;
T_6.43 ;
T_6.38 ;
T_6.35 ;
    %load/vec4 v0x127e28f10_0;
    %load/vec4 v0x127e2a610_0;
    %pad/u 6;
    %ix/vec4 4;
    %store/vec4a v0x127e29cc0, 4, 0;
    %load/vec4 v0x127e28e60_0;
    %load/vec4 v0x127e2a610_0;
    %pad/u 6;
    %ix/vec4 4;
    %store/vec4a v0x127e29d60, 4, 0;
    %load/vec4 v0x127e29ac0_0;
    %ix/getv 4, v0x127e2a610_0;
    %store/vec4 v0x127e29e00_0, 4, 1;
    %load/vec4 v0x127e29b60_0;
    %load/vec4 v0x127e2a610_0;
    %pad/u 6;
    %ix/vec4 4;
    %store/vec4a v0x127e29eb0, 4, 0;
    %alloc S_0x127e278b0;
    %load/vec4 v0x127e2a610_0;
    %store/vec4 v0x127e27b40_0, 0, 4;
    %callf/vec4 TD_fetch_unit_tb.u_ifu.inc_ptr, S_0x127e278b0;
    %free S_0x127e278b0;
    %store/vec4 v0x127e2a610_0, 0, 4;
    %load/vec4 v0x127e28990_0;
    %addi 1, 0, 5;
    %store/vec4 v0x127e28990_0, 0, 5;
    %load/vec4 v0x127e28e60_0;
    %addi 4, 0, 64;
    %store/vec4 v0x127e28db0_0, 0, 64;
    %load/vec4 v0x127e29120_0;
    %flag_set/vec4 9;
    %flag_get/vec4 9;
    %jmp/0 T_6.48, 9;
    %load/vec4 v0x127e29ac0_0;
    %and;
T_6.48;
    %flag_set/vec4 8;
    %jmp/0xz  T_6.46, 8;
    %load/vec4 v0x127e29b60_0;
    %store/vec4 v0x127e28db0_0, 0, 64;
    %pushi/vec4 1, 0, 1;
    %store/vec4 v0x127e2a360_0, 0, 1;
T_6.46 ;
T_6.32 ;
T_6.31 ; for-loop step statement
    %load/vec4 v0x127e2a560_0;
    %addi 1, 0, 32;
    %store/vec4 v0x127e2a560_0, 0, 32;
    %jmp T_6.29;
T_6.30 ; for-loop exit label
T_6.27 ;
    %load/vec4 v0x127e28db0_0;
    %assign/vec4 v0x127e28bd0_0, 0;
    %load/vec4 v0x127e2a610_0;
    %assign/vec4 v0x127e2a6c0_0, 0;
    %load/vec4 v0x127e2a200_0;
    %assign/vec4 v0x127e29f50_0, 0;
    %load/vec4 v0x127e28990_0;
    %assign/vec4 v0x127e29c10_0, 0;
    %alloc S_0x127e278b0;
    %load/vec4 v0x127e2a200_0;
    %store/vec4 v0x127e27b40_0, 0, 4;
    %callf/vec4 TD_fetch_unit_tb.u_ifu.inc_ptr, S_0x127e278b0;
    %free S_0x127e278b0;
    %store/vec4 v0x127e2a000_0, 0, 4;
    %pushi/vec4 1, 0, 5;
    %load/vec4 v0x127e28990_0;
    %cmp/u;
    %flag_get/vec4 4;
    %flag_get/vec4 5;
    %or;
    %assign/vec4 v0x127e295d0_0, 0;
    %pushi/vec4 2, 0, 5;
    %load/vec4 v0x127e28990_0;
    %cmp/u;
    %flag_get/vec4 4;
    %flag_get/vec4 5;
    %or;
    %assign/vec4 v0x127e29a20_0, 0;
    %load/vec4 v0x127e2a200_0;
    %pad/u 6;
    %ix/vec4 4;
    %load/vec4a v0x127e29cc0, 4;
    %assign/vec4 v0x127e293c0_0, 0;
    %load/vec4 v0x127e2a200_0;
    %pad/u 6;
    %ix/vec4 4;
    %load/vec4a v0x127e29d60, 4;
    %assign/vec4 v0x127e29470_0, 0;
    %load/vec4 v0x127e29e00_0;
    %load/vec4 v0x127e2a200_0;
    %part/u 1;
    %assign/vec4 v0x127e29320_0, 0;
    %load/vec4 v0x127e2a200_0;
    %pad/u 6;
    %ix/vec4 4;
    %load/vec4a v0x127e29eb0, 4;
    %assign/vec4 v0x127e29520_0, 0;
    %load/vec4 v0x127e2a000_0;
    %pad/u 6;
    %ix/vec4 4;
    %load/vec4a v0x127e29cc0, 4;
    %assign/vec4 v0x127e29860_0, 0;
    %load/vec4 v0x127e2a000_0;
    %pad/u 6;
    %ix/vec4 4;
    %load/vec4a v0x127e29d60, 4;
    %assign/vec4 v0x127e298f0_0, 0;
    %load/vec4 v0x127e29e00_0;
    %load/vec4 v0x127e2a000_0;
    %part/u 1;
    %assign/vec4 v0x127e28ae0_0, 0;
    %load/vec4 v0x127e2a000_0;
    %pad/u 6;
    %ix/vec4 4;
    %load/vec4a v0x127e29eb0, 4;
    %assign/vec4 v0x127e29980_0, 0;
T_6.12 ;
T_6.1 ;
    %jmp T_6;
    .thread T_6;
    .scope S_0x127e17990;
T_7 ;
    %pushi/vec4 0, 0, 32;
    %store/vec4 v0x127e2c360_0, 0, 32;
    %pushi/vec4 0, 0, 32;
    %store/vec4 v0x127e2b6a0_0, 0, 32;
    %pushi/vec4 0, 0, 32;
    %store/vec4 v0x127e2c4a0_0, 0, 32;
    %end;
    .thread T_7, $init;
    .scope S_0x127e17990;
T_8 ;
    %pushi/vec4 0, 0, 1;
    %store/vec4 v0x127e2b580_0, 0, 1;
    %end;
    .thread T_8;
    .scope S_0x127e17990;
T_9 ;
    %delay 5000, 0;
    %load/vec4 v0x127e2b580_0;
    %inv;
    %store/vec4 v0x127e2b580_0, 0, 1;
    %jmp T_9;
    .thread T_9;
    .scope S_0x127e17990;
T_10 ;
    %vpi_call/w 3 103 "$dumpfile", "fetch_unit_tb.vcd" {0 0 0};
    %vpi_call/w 3 104 "$dumpvars", 32'sb00000000000000000000000000000000, S_0x127e17990 {0 0 0};
    %alloc S_0x127e26360;
    %pushi/vec4 3221225472, 0, 32;
    %pushi/vec4 3221225472, 0, 32;
    %pushi/vec4 3221225472, 0, 32;
    %pushi/vec4 3221225472, 0, 32;
    %pushi/vec4 3221225472, 0, 32;
    %pushi/vec4 3221225472, 0, 32;
    %pushi/vec4 3221225472, 0, 32;
    %pushi/vec4 3221225472, 0, 32;
    %pushi/vec4 3221225472, 0, 32;
    %pushi/vec4 3221225472, 0, 32;
    %pushi/vec4 3221225472, 0, 32;
    %pushi/vec4 3221225472, 0, 32;
    %pushi/vec4 3221225472, 0, 32;
    %pushi/vec4 3221225472, 0, 32;
    %pushi/vec4 3221225472, 0, 32;
    %pushi/vec4 3221225472, 0, 32;
    %store/vec4 v0x127e270e0_0, 0, 32;
    %store/vec4 v0x127e27030_0, 0, 32;
    %store/vec4 v0x127e26f80_0, 0, 32;
    %store/vec4 v0x127e26ed0_0, 0, 32;
    %store/vec4 v0x127e26e20_0, 0, 32;
    %store/vec4 v0x127e26d70_0, 0, 32;
    %store/vec4 v0x127e26cc0_0, 0, 32;
    %store/vec4 v0x127e26c10_0, 0, 32;
    %store/vec4 v0x127e26b00_0, 0, 32;
    %store/vec4 v0x127e26a50_0, 0, 32;
    %store/vec4 v0x127e269a0_0, 0, 32;
    %store/vec4 v0x127e268f0_0, 0, 32;
    %store/vec4 v0x127e26800_0, 0, 32;
    %store/vec4 v0x127e26750_0, 0, 32;
    %store/vec4 v0x127e26690_0, 0, 32;
    %store/vec4 v0x127e265e0_0, 0, 32;
    %callf/vec4 TD_fetch_unit_tb.line_bytes, S_0x127e26360;
    %free S_0x127e26360;
    %store/vec4 v0x127e2b9b0_0, 0, 512;
    %alloc S_0x127e26360;
    %pushi/vec4 3221225472, 0, 32;
    %pushi/vec4 3221225472, 0, 32;
    %pushi/vec4 3221225472, 0, 32;
    %pushi/vec4 3221225472, 0, 32;
    %pushi/vec4 3221225472, 0, 32;
    %pushi/vec4 3221225472, 0, 32;
    %pushi/vec4 3221225472, 0, 32;
    %pushi/vec4 3221225472, 0, 32;
    %pushi/vec4 3221225472, 0, 32;
    %pushi/vec4 3221225472, 0, 32;
    %pushi/vec4 3221225472, 0, 32;
    %pushi/vec4 3221225472, 0, 32;
    %pushi/vec4 3221225472, 0, 32;
    %pushi/vec4 3221225472, 0, 32;
    %pushi/vec4 3221225472, 0, 32;
    %pushi/vec4 3221225472, 0, 32;
    %store/vec4 v0x127e270e0_0, 0, 32;
    %store/vec4 v0x127e27030_0, 0, 32;
    %store/vec4 v0x127e26f80_0, 0, 32;
    %store/vec4 v0x127e26ed0_0, 0, 32;
    %store/vec4 v0x127e26e20_0, 0, 32;
    %store/vec4 v0x127e26d70_0, 0, 32;
    %store/vec4 v0x127e26cc0_0, 0, 32;
    %store/vec4 v0x127e26c10_0, 0, 32;
    %store/vec4 v0x127e26b00_0, 0, 32;
    %store/vec4 v0x127e26a50_0, 0, 32;
    %store/vec4 v0x127e269a0_0, 0, 32;
    %store/vec4 v0x127e268f0_0, 0, 32;
    %store/vec4 v0x127e26800_0, 0, 32;
    %store/vec4 v0x127e26750_0, 0, 32;
    %store/vec4 v0x127e26690_0, 0, 32;
    %store/vec4 v0x127e265e0_0, 0, 32;
    %callf/vec4 TD_fetch_unit_tb.line_bytes, S_0x127e26360;
    %free S_0x127e26360;
    %store/vec4 v0x127e2ba40_0, 0, 512;
    %load/vec4 v0x127e2b9b0_0;
    %store/vec4 v0x127e2bad0_0, 0, 512;
    %pushi/vec4 0, 0, 2;
    %store/vec4 v0x127e2b610_0, 0, 2;
    %pushi/vec4 0, 0, 1;
    %store/vec4 v0x127e2b730_0, 0, 1;
    %pushi/vec4 0, 0, 64;
    %store/vec4 v0x127e2b7c0_0, 0, 64;
    %pushi/vec4 0, 0, 1;
    %store/vec4 v0x127e2b080_0, 0, 1;
    %pushi/vec4 0, 0, 64;
    %store/vec4 v0x127e2b110_0, 0, 64;
    %pushi/vec4 0, 0, 1;
    %store/vec4 v0x127e2aff0_0, 0, 1;
    %pushi/vec4 0, 0, 1;
    %store/vec4 v0x127e2af40_0, 0, 1;
    %pushi/vec4 0, 0, 1;
    %store/vec4 v0x127e2b1c0_0, 0, 1;
    %pushi/vec4 0, 0, 64;
    %store/vec4 v0x127e2b270_0, 0, 64;
    %pushi/vec4 0, 0, 64;
    %store/vec4 v0x127e2b3d0_0, 0, 64;
    %pushi/vec4 0, 0, 1;
    %store/vec4 v0x127e2b320_0, 0, 1;
    %pushi/vec4 1, 0, 1;
    %store/vec4 v0x127e2c3f0_0, 0, 1;
    %wait E_0x127e07510;
    %delay 1000, 0;
    %pushi/vec4 0, 0, 1;
    %store/vec4 v0x127e2c3f0_0, 0, 1;
    %wait E_0x127e07510;
    %delay 1000, 0;
    %vpi_call/w 3 140 "$display", "\012--- Test 1: Sequential fetch ---" {0 0 0};
    %delay 1000, 0;
    %pushi/vec4 0, 0, 32; draw_string_vec4
    %pushi/vec4 0, 0, 32; draw_string_vec4
    %concat/vec4; draw_string_vec4
    %pushi/vec4 0, 0, 32; draw_string_vec4
    %concat/vec4; draw_string_vec4
    %pushi/vec4 0, 0, 32; draw_string_vec4
    %concat/vec4; draw_string_vec4
    %pushi/vec4 116, 0, 32; draw_string_vec4
    %concat/vec4; draw_string_vec4
    %pushi/vec4 824209269, 0, 32; draw_string_vec4
    %concat/vec4; draw_string_vec4
    %pushi/vec4 1949327222, 0, 32; draw_string_vec4
    %concat/vec4; draw_string_vec4
    %pushi/vec4 1634494820, 0, 32; draw_string_vec4
    %concat/vec4; draw_string_vec4
    %store/vec4 v0x127e25f60_0, 0, 256;
    %load/vec4 v0x127e2be30_0;
    %store/vec4 v0x127e25e20_0, 0, 1;
    %pushi/vec4 1, 0, 1;
    %store/vec4 v0x127e25ec0_0, 0, 1;
    %fork TD_fetch_unit_tb.check1, S_0x127e25c50;
    %join;
    %pushi/vec4 0, 0, 32; draw_string_vec4
    %pushi/vec4 0, 0, 32; draw_string_vec4
    %concat/vec4; draw_string_vec4
    %pushi/vec4 0, 0, 32; draw_string_vec4
    %concat/vec4; draw_string_vec4
    %pushi/vec4 0, 0, 32; draw_string_vec4
    %concat/vec4; draw_string_vec4
    %pushi/vec4 0, 0, 32; draw_string_vec4
    %concat/vec4; draw_string_vec4
    %pushi/vec4 29745, 0, 32; draw_string_vec4
    %concat/vec4; draw_string_vec4
    %pushi/vec4 544175476, 0, 32; draw_string_vec4
    %concat/vec4; draw_string_vec4
    %pushi/vec4 811561059, 0, 32; draw_string_vec4
    %concat/vec4; draw_string_vec4
    %store/vec4 v0x127e25ba0_0, 0, 256;
    %load/vec4 v0x127e2bcd0_0;
    %store/vec4 v0x127e052a0_0, 0, 64;
    %pushi/vec4 8192, 0, 64;
    %store/vec4 v0x127e25b00_0, 0, 64;
    %fork TD_fetch_unit_tb.check, S_0x127e17b00;
    %join;
    %pushi/vec4 2, 0, 2;
    %store/vec4 v0x127e2b610_0, 0, 2;
    %wait E_0x127e07510;
    %delay 1000, 0;
    %pushi/vec4 0, 0, 32; draw_string_vec4
    %pushi/vec4 0, 0, 32; draw_string_vec4
    %concat/vec4; draw_string_vec4
    %pushi/vec4 0, 0, 32; draw_string_vec4
    %concat/vec4; draw_string_vec4
    %pushi/vec4 0, 0, 32; draw_string_vec4
    %concat/vec4; draw_string_vec4
    %pushi/vec4 0, 0, 32; draw_string_vec4
    %concat/vec4; draw_string_vec4
    %pushi/vec4 0, 0, 32; draw_string_vec4
    %concat/vec4; draw_string_vec4
    %pushi/vec4 7614752, 0, 32; draw_string_vec4
    %concat/vec4; draw_string_vec4
    %pushi/vec4 1885547320, 0, 32; draw_string_vec4
    %concat/vec4; draw_string_vec4
    %store/vec4 v0x127e25ba0_0, 0, 256;
    %load/vec4 v0x127e2bcd0_0;
    %store/vec4 v0x127e052a0_0, 0, 64;
    %pushi/vec4 8200, 0, 64;
    %store/vec4 v0x127e25b00_0, 0, 64;
    %fork TD_fetch_unit_tb.check, S_0x127e17b00;
    %join;
    %pushi/vec4 2, 0, 2;
    %store/vec4 v0x127e2b610_0, 0, 2;
    %wait E_0x127e07510;
    %delay 1000, 0;
    %pushi/vec4 0, 0, 32; draw_string_vec4
    %pushi/vec4 0, 0, 32; draw_string_vec4
    %concat/vec4; draw_string_vec4
    %pushi/vec4 0, 0, 32; draw_string_vec4
    %concat/vec4; draw_string_vec4
    %pushi/vec4 0, 0, 32; draw_string_vec4
    %concat/vec4; draw_string_vec4
    %pushi/vec4 0, 0, 32; draw_string_vec4
    %concat/vec4; draw_string_vec4
    %pushi/vec4 0, 0, 32; draw_string_vec4
    %concat/vec4; draw_string_vec4
    %pushi/vec4 1949376624, 0, 32; draw_string_vec4
    %concat/vec4; draw_string_vec4
    %pushi/vec4 1663775030, 0, 32; draw_string_vec4
    %concat/vec4; draw_string_vec4
    %store/vec4 v0x127e25ba0_0, 0, 256;
    %load/vec4 v0x127e2bcd0_0;
    %store/vec4 v0x127e052a0_0, 0, 64;
    %pushi/vec4 8208, 0, 64;
    %store/vec4 v0x127e25b00_0, 0, 64;
    %fork TD_fetch_unit_tb.check, S_0x127e17b00;
    %join;
    %pushi/vec4 0, 0, 2;
    %store/vec4 v0x127e2b610_0, 0, 2;
    %vpi_call/w 3 160 "$display", "\012--- Test 2: BRR_L + BHT redirect ---" {0 0 0};
    %alloc S_0x127e26360;
    %pushi/vec4 16, 0, 12;
    %store/vec4 v0x127e26200_0, 0, 12;
    %callf/vec4 TD_fetch_unit_tb.ins_brr_l, S_0x127e26020;
    %pushi/vec4 3221225472, 0, 32;
    %pushi/vec4 3221225472, 0, 32;
    %pushi/vec4 3221225472, 0, 32;
    %pushi/vec4 3221225472, 0, 32;
    %pushi/vec4 3221225472, 0, 32;
    %pushi/vec4 3221225472, 0, 32;
    %pushi/vec4 3221225472, 0, 32;
    %pushi/vec4 3221225472, 0, 32;
    %pushi/vec4 3221225472, 0, 32;
    %pushi/vec4 3221225472, 0, 32;
    %pushi/vec4 3221225472, 0, 32;
    %pushi/vec4 3221225472, 0, 32;
    %pushi/vec4 3221225472, 0, 32;
    %pushi/vec4 3221225472, 0, 32;
    %pushi/vec4 3221225472, 0, 32;
    %store/vec4 v0x127e270e0_0, 0, 32;
    %store/vec4 v0x127e27030_0, 0, 32;
    %store/vec4 v0x127e26f80_0, 0, 32;
    %store/vec4 v0x127e26ed0_0, 0, 32;
    %store/vec4 v0x127e26e20_0, 0, 32;
    %store/vec4 v0x127e26d70_0, 0, 32;
    %store/vec4 v0x127e26cc0_0, 0, 32;
    %store/vec4 v0x127e26c10_0, 0, 32;
    %store/vec4 v0x127e26b00_0, 0, 32;
    %store/vec4 v0x127e26a50_0, 0, 32;
    %store/vec4 v0x127e269a0_0, 0, 32;
    %store/vec4 v0x127e268f0_0, 0, 32;
    %store/vec4 v0x127e26800_0, 0, 32;
    %store/vec4 v0x127e26750_0, 0, 32;
    %store/vec4 v0x127e26690_0, 0, 32;
    %store/vec4 v0x127e265e0_0, 0, 32;
    %callf/vec4 TD_fetch_unit_tb.line_bytes, S_0x127e26360;
    %free S_0x127e26360;
    %store/vec4 v0x127e2b9b0_0, 0, 512;
    %pushi/vec4 1, 0, 1;
    %store/vec4 v0x127e2b730_0, 0, 1;
    %pushi/vec4 8192, 0, 64;
    %store/vec4 v0x127e2b7c0_0, 0, 64;
    %wait E_0x127e07510;
    %delay 1000, 0;
    %pushi/vec4 0, 0, 1;
    %store/vec4 v0x127e2b730_0, 0, 1;
    %wait E_0x127e07510;
    %delay 1000, 0;
    %pushi/vec4 1, 0, 1;
    %store/vec4 v0x127e2b080_0, 0, 1;
    %pushi/vec4 8192, 0, 64;
    %store/vec4 v0x127e2b110_0, 0, 64;
    %pushi/vec4 0, 0, 1;
    %store/vec4 v0x127e2aff0_0, 0, 1;
    %pushi/vec4 1, 0, 1;
    %store/vec4 v0x127e2af40_0, 0, 1;
    %wait E_0x127e07510;
    %delay 1000, 0;
    %pushi/vec4 0, 0, 1;
    %store/vec4 v0x127e2b080_0, 0, 1;
    %wait E_0x127e07510;
    %delay 1000, 0;
    %pushi/vec4 1, 0, 1;
    %store/vec4 v0x127e2b730_0, 0, 1;
    %pushi/vec4 8192, 0, 64;
    %store/vec4 v0x127e2b7c0_0, 0, 64;
    %wait E_0x127e07510;
    %delay 1000, 0;
    %pushi/vec4 0, 0, 1;
    %store/vec4 v0x127e2b730_0, 0, 1;
    %wait E_0x127e07510;
    %delay 1000, 0;
    %delay 1000, 0;
    %pushi/vec4 0, 0, 32; draw_string_vec4
    %pushi/vec4 0, 0, 32; draw_string_vec4
    %concat/vec4; draw_string_vec4
    %pushi/vec4 0, 0, 32; draw_string_vec4
    %concat/vec4; draw_string_vec4
    %pushi/vec4 0, 0, 32; draw_string_vec4
    %concat/vec4; draw_string_vec4
    %pushi/vec4 0, 0, 32; draw_string_vec4
    %concat/vec4; draw_string_vec4
    %pushi/vec4 1949442146, 0, 32; draw_string_vec4
    %concat/vec4; draw_string_vec4
    %pushi/vec4 1920082038, 0, 32; draw_string_vec4
    %concat/vec4; draw_string_vec4
    %pushi/vec4 1634494820, 0, 32; draw_string_vec4
    %concat/vec4; draw_string_vec4
    %store/vec4 v0x127e25f60_0, 0, 256;
    %load/vec4 v0x127e2be30_0;
    %store/vec4 v0x127e25e20_0, 0, 1;
    %pushi/vec4 1, 0, 1;
    %store/vec4 v0x127e25ec0_0, 0, 1;
    %fork TD_fetch_unit_tb.check1, S_0x127e25c50;
    %join;
    %pushi/vec4 0, 0, 32; draw_string_vec4
    %pushi/vec4 0, 0, 32; draw_string_vec4
    %concat/vec4; draw_string_vec4
    %pushi/vec4 0, 0, 32; draw_string_vec4
    %concat/vec4; draw_string_vec4
    %pushi/vec4 0, 0, 32; draw_string_vec4
    %concat/vec4; draw_string_vec4
    %pushi/vec4 0, 0, 32; draw_string_vec4
    %concat/vec4; draw_string_vec4
    %pushi/vec4 29746, 0, 32; draw_string_vec4
    %concat/vec4; draw_string_vec4
    %pushi/vec4 543322738, 0, 32; draw_string_vec4
    %concat/vec4; draw_string_vec4
    %pushi/vec4 544174179, 0, 32; draw_string_vec4
    %concat/vec4; draw_string_vec4
    %store/vec4 v0x127e25ba0_0, 0, 256;
    %pushi/vec4 0, 0, 27;
    %load/vec4 v0x127e2bc20_0;
    %parti/s 5, 27, 6;
    %concat/vec4; draw_concat_vec4
    %pad/u 64;
    %store/vec4 v0x127e052a0_0, 0, 64;
    %pushi/vec4 10, 0, 64;
    %store/vec4 v0x127e25b00_0, 0, 64;
    %fork TD_fetch_unit_tb.check, S_0x127e17b00;
    %join;
    %pushi/vec4 1, 0, 2;
    %store/vec4 v0x127e2b610_0, 0, 2;
    %wait E_0x127e07510;
    %delay 1000, 0;
    %pushi/vec4 0, 0, 2;
    %store/vec4 v0x127e2b610_0, 0, 2;
    %delay 1000, 0;
    %pushi/vec4 0, 0, 32; draw_string_vec4
    %pushi/vec4 0, 0, 32; draw_string_vec4
    %concat/vec4; draw_string_vec4
    %pushi/vec4 0, 0, 32; draw_string_vec4
    %concat/vec4; draw_string_vec4
    %pushi/vec4 0, 0, 32; draw_string_vec4
    %concat/vec4; draw_string_vec4
    %pushi/vec4 0, 0, 32; draw_string_vec4
    %concat/vec4; draw_string_vec4
    %pushi/vec4 7615008, 0, 32; draw_string_vec4
    %concat/vec4; draw_string_vec4
    %pushi/vec4 1634104421, 0, 32; draw_string_vec4
    %concat/vec4; draw_string_vec4
    %pushi/vec4 1914724978, 0, 32; draw_string_vec4
    %concat/vec4; draw_string_vec4
    %store/vec4 v0x127e25ba0_0, 0, 256;
    %load/vec4 v0x127e2bcd0_0;
    %store/vec4 v0x127e052a0_0, 0, 64;
    %pushi/vec4 8208, 0, 64;
    %store/vec4 v0x127e25b00_0, 0, 64;
    %fork TD_fetch_unit_tb.check, S_0x127e17b00;
    %join;
    %pushi/vec4 0, 0, 32; draw_string_vec4
    %pushi/vec4 0, 0, 32; draw_string_vec4
    %concat/vec4; draw_string_vec4
    %pushi/vec4 0, 0, 32; draw_string_vec4
    %concat/vec4; draw_string_vec4
    %pushi/vec4 0, 0, 32; draw_string_vec4
    %concat/vec4; draw_string_vec4
    %pushi/vec4 0, 0, 32; draw_string_vec4
    %concat/vec4; draw_string_vec4
    %pushi/vec4 29746, 0, 32; draw_string_vec4
    %concat/vec4; draw_string_vec4
    %pushi/vec4 544108400, 0, 32; draw_string_vec4
    %concat/vec4; draw_string_vec4
    %pushi/vec4 544174179, 0, 32; draw_string_vec4
    %concat/vec4; draw_string_vec4
    %store/vec4 v0x127e25ba0_0, 0, 256;
    %pushi/vec4 0, 0, 27;
    %load/vec4 v0x127e2bc20_0;
    %parti/s 5, 27, 6;
    %concat/vec4; draw_concat_vec4
    %pad/u 64;
    %store/vec4 v0x127e052a0_0, 0, 64;
    %pushi/vec4 24, 0, 64;
    %store/vec4 v0x127e25b00_0, 0, 64;
    %fork TD_fetch_unit_tb.check, S_0x127e17b00;
    %join;
    %vpi_call/w 3 202 "$display", "\012--- Test 3: Flush ---" {0 0 0};
    %pushi/vec4 1, 0, 1;
    %store/vec4 v0x127e2b730_0, 0, 1;
    %pushi/vec4 12288, 0, 64;
    %store/vec4 v0x127e2b7c0_0, 0, 64;
    %wait E_0x127e07510;
    %delay 1000, 0;
    %pushi/vec4 0, 0, 32; draw_string_vec4
    %pushi/vec4 0, 0, 32; draw_string_vec4
    %concat/vec4; draw_string_vec4
    %pushi/vec4 0, 0, 32; draw_string_vec4
    %concat/vec4; draw_string_vec4
    %pushi/vec4 0, 0, 32; draw_string_vec4
    %concat/vec4; draw_string_vec4
    %pushi/vec4 29747, 0, 32; draw_string_vec4
    %concat/vec4; draw_string_vec4
    %pushi/vec4 543583349, 0, 32; draw_string_vec4
    %concat/vec4; draw_string_vec4
    %pushi/vec4 1936203875, 0, 32; draw_string_vec4
    %concat/vec4; draw_string_vec4
    %pushi/vec4 1818583410, 0, 32; draw_string_vec4
    %concat/vec4; draw_string_vec4
    %store/vec4 v0x127e25f60_0, 0, 256;
    %load/vec4 v0x127e2be30_0;
    %store/vec4 v0x127e25e20_0, 0, 1;
    %pushi/vec4 0, 0, 1;
    %store/vec4 v0x127e25ec0_0, 0, 1;
    %fork TD_fetch_unit_tb.check1, S_0x127e25c50;
    %join;
    %pushi/vec4 0, 0, 1;
    %store/vec4 v0x127e2b730_0, 0, 1;
    %wait E_0x127e07510;
    %delay 1000, 0;
    %pushi/vec4 0, 0, 32; draw_string_vec4
    %pushi/vec4 0, 0, 32; draw_string_vec4
    %concat/vec4; draw_string_vec4
    %pushi/vec4 0, 0, 32; draw_string_vec4
    %concat/vec4; draw_string_vec4
    %pushi/vec4 0, 0, 32; draw_string_vec4
    %concat/vec4; draw_string_vec4
    %pushi/vec4 7615264, 0, 32; draw_string_vec4
    %concat/vec4; draw_string_vec4
    %pushi/vec4 1919247977, 0, 32; draw_string_vec4
    %concat/vec4; draw_string_vec4
    %pushi/vec4 1819025526, 0, 32; draw_string_vec4
    %concat/vec4; draw_string_vec4
    %pushi/vec4 1634494820, 0, 32; draw_string_vec4
    %concat/vec4; draw_string_vec4
    %store/vec4 v0x127e25f60_0, 0, 256;
    %load/vec4 v0x127e2be30_0;
    %store/vec4 v0x127e25e20_0, 0, 1;
    %pushi/vec4 1, 0, 1;
    %store/vec4 v0x127e25ec0_0, 0, 1;
    %fork TD_fetch_unit_tb.check1, S_0x127e25c50;
    %join;
    %pushi/vec4 0, 0, 32; draw_string_vec4
    %pushi/vec4 0, 0, 32; draw_string_vec4
    %concat/vec4; draw_string_vec4
    %pushi/vec4 0, 0, 32; draw_string_vec4
    %concat/vec4; draw_string_vec4
    %pushi/vec4 0, 0, 32; draw_string_vec4
    %concat/vec4; draw_string_vec4
    %pushi/vec4 0, 0, 32; draw_string_vec4
    %concat/vec4; draw_string_vec4
    %pushi/vec4 1949507698, 0, 32; draw_string_vec4
    %concat/vec4; draw_string_vec4
    %pushi/vec4 1701210476, 0, 32; draw_string_vec4
    %concat/vec4; draw_string_vec4
    %pushi/vec4 1814065251, 0, 32; draw_string_vec4
    %concat/vec4; draw_string_vec4
    %store/vec4 v0x127e25ba0_0, 0, 256;
    %load/vec4 v0x127e2bcd0_0;
    %store/vec4 v0x127e052a0_0, 0, 64;
    %pushi/vec4 12288, 0, 64;
    %store/vec4 v0x127e25b00_0, 0, 64;
    %fork TD_fetch_unit_tb.check, S_0x127e17b00;
    %join;
    %vpi_call/w 3 218 "$display", "\012--- Test 4: BRNZ ignores BHT (pred=0 always) ---" {0 0 0};
    %pushi/vec4 1, 0, 1;
    %store/vec4 v0x127e2b080_0, 0, 1;
    %pushi/vec4 8192, 0, 64;
    %store/vec4 v0x127e2b110_0, 0, 64;
    %pushi/vec4 0, 0, 1;
    %store/vec4 v0x127e2aff0_0, 0, 1;
    %pushi/vec4 1, 0, 1;
    %store/vec4 v0x127e2af40_0, 0, 1;
    %wait E_0x127e07510;
    %delay 1000, 0;
    %pushi/vec4 0, 0, 1;
    %store/vec4 v0x127e2b080_0, 0, 1;
    %alloc S_0x127e26360;
    %pushi/vec4 1484914688, 0, 32;
    %pushi/vec4 3221225472, 0, 32;
    %pushi/vec4 3221225472, 0, 32;
    %pushi/vec4 3221225472, 0, 32;
    %pushi/vec4 3221225472, 0, 32;
    %pushi/vec4 3221225472, 0, 32;
    %pushi/vec4 3221225472, 0, 32;
    %pushi/vec4 3221225472, 0, 32;
    %pushi/vec4 3221225472, 0, 32;
    %pushi/vec4 3221225472, 0, 32;
    %pushi/vec4 3221225472, 0, 32;
    %pushi/vec4 3221225472, 0, 32;
    %pushi/vec4 3221225472, 0, 32;
    %pushi/vec4 3221225472, 0, 32;
    %pushi/vec4 3221225472, 0, 32;
    %pushi/vec4 3221225472, 0, 32;
    %store/vec4 v0x127e270e0_0, 0, 32;
    %store/vec4 v0x127e27030_0, 0, 32;
    %store/vec4 v0x127e26f80_0, 0, 32;
    %store/vec4 v0x127e26ed0_0, 0, 32;
    %store/vec4 v0x127e26e20_0, 0, 32;
    %store/vec4 v0x127e26d70_0, 0, 32;
    %store/vec4 v0x127e26cc0_0, 0, 32;
    %store/vec4 v0x127e26c10_0, 0, 32;
    %store/vec4 v0x127e26b00_0, 0, 32;
    %store/vec4 v0x127e26a50_0, 0, 32;
    %store/vec4 v0x127e269a0_0, 0, 32;
    %store/vec4 v0x127e268f0_0, 0, 32;
    %store/vec4 v0x127e26800_0, 0, 32;
    %store/vec4 v0x127e26750_0, 0, 32;
    %store/vec4 v0x127e26690_0, 0, 32;
    %store/vec4 v0x127e265e0_0, 0, 32;
    %callf/vec4 TD_fetch_unit_tb.line_bytes, S_0x127e26360;
    %free S_0x127e26360;
    %store/vec4 v0x127e2b9b0_0, 0, 512;
    %pushi/vec4 1, 0, 1;
    %store/vec4 v0x127e2b730_0, 0, 1;
    %pushi/vec4 8192, 0, 64;
    %store/vec4 v0x127e2b7c0_0, 0, 64;
    %wait E_0x127e07510;
    %delay 1000, 0;
    %pushi/vec4 0, 0, 1;
    %store/vec4 v0x127e2b730_0, 0, 1;
    %wait E_0x127e07510;
    %delay 1000, 0;
    %pushi/vec4 0, 0, 32; draw_string_vec4
    %pushi/vec4 0, 0, 32; draw_string_vec4
    %concat/vec4; draw_string_vec4
    %pushi/vec4 0, 0, 32; draw_string_vec4
    %concat/vec4; draw_string_vec4
    %pushi/vec4 0, 0, 32; draw_string_vec4
    %concat/vec4; draw_string_vec4
    %pushi/vec4 29748, 0, 32; draw_string_vec4
    %concat/vec4; draw_string_vec4
    %pushi/vec4 543322734, 0, 32; draw_string_vec4
    %concat/vec4; draw_string_vec4
    %pushi/vec4 2048946290, 0, 32; draw_string_vec4
    %concat/vec4; draw_string_vec4
    %pushi/vec4 1701068080, 0, 32; draw_string_vec4
    %concat/vec4; draw_string_vec4
    %store/vec4 v0x127e25f60_0, 0, 256;
    %load/vec4 v0x127e2bb70_0;
    %store/vec4 v0x127e25e20_0, 0, 1;
    %pushi/vec4 0, 0, 1;
    %store/vec4 v0x127e25ec0_0, 0, 1;
    %fork TD_fetch_unit_tb.check1, S_0x127e25c50;
    %join;
    %pushi/vec4 1, 0, 2;
    %store/vec4 v0x127e2b610_0, 0, 2;
    %wait E_0x127e07510;
    %delay 1000, 0;
    %pushi/vec4 0, 0, 2;
    %store/vec4 v0x127e2b610_0, 0, 2;
    %pushi/vec4 0, 0, 32; draw_string_vec4
    %pushi/vec4 0, 0, 32; draw_string_vec4
    %concat/vec4; draw_string_vec4
    %pushi/vec4 0, 0, 32; draw_string_vec4
    %concat/vec4; draw_string_vec4
    %pushi/vec4 116, 0, 32; draw_string_vec4
    %concat/vec4; draw_string_vec4
    %pushi/vec4 874541925, 0, 32; draw_string_vec4
    %concat/vec4; draw_string_vec4
    %pushi/vec4 1897947494, 0, 32; draw_string_vec4
    %concat/vec4; draw_string_vec4
    %pushi/vec4 1952805408, 0, 32; draw_string_vec4
    %concat/vec4; draw_string_vec4
    %pushi/vec4 1651666554, 0, 32; draw_string_vec4
    %concat/vec4; draw_string_vec4
    %store/vec4 v0x127e25ba0_0, 0, 256;
    %load/vec4 v0x127e2bcd0_0;
    %store/vec4 v0x127e052a0_0, 0, 64;
    %pushi/vec4 8196, 0, 64;
    %store/vec4 v0x127e25b00_0, 0, 64;
    %fork TD_fetch_unit_tb.check, S_0x127e17b00;
    %join;
    %vpi_call/w 3 253 "$display", "\012--- Test 5: BRGT ignores BHT (pred=0 always) ---" {0 0 0};
    %alloc S_0x127e26360;
    %pushi/vec4 1891770368, 0, 32;
    %pushi/vec4 3221225472, 0, 32;
    %pushi/vec4 3221225472, 0, 32;
    %pushi/vec4 3221225472, 0, 32;
    %pushi/vec4 3221225472, 0, 32;
    %pushi/vec4 3221225472, 0, 32;
    %pushi/vec4 3221225472, 0, 32;
    %pushi/vec4 3221225472, 0, 32;
    %pushi/vec4 3221225472, 0, 32;
    %pushi/vec4 3221225472, 0, 32;
    %pushi/vec4 3221225472, 0, 32;
    %pushi/vec4 3221225472, 0, 32;
    %pushi/vec4 3221225472, 0, 32;
    %pushi/vec4 3221225472, 0, 32;
    %pushi/vec4 3221225472, 0, 32;
    %pushi/vec4 3221225472, 0, 32;
    %store/vec4 v0x127e270e0_0, 0, 32;
    %store/vec4 v0x127e27030_0, 0, 32;
    %store/vec4 v0x127e26f80_0, 0, 32;
    %store/vec4 v0x127e26ed0_0, 0, 32;
    %store/vec4 v0x127e26e20_0, 0, 32;
    %store/vec4 v0x127e26d70_0, 0, 32;
    %store/vec4 v0x127e26cc0_0, 0, 32;
    %store/vec4 v0x127e26c10_0, 0, 32;
    %store/vec4 v0x127e26b00_0, 0, 32;
    %store/vec4 v0x127e26a50_0, 0, 32;
    %store/vec4 v0x127e269a0_0, 0, 32;
    %store/vec4 v0x127e268f0_0, 0, 32;
    %store/vec4 v0x127e26800_0, 0, 32;
    %store/vec4 v0x127e26750_0, 0, 32;
    %store/vec4 v0x127e26690_0, 0, 32;
    %store/vec4 v0x127e265e0_0, 0, 32;
    %callf/vec4 TD_fetch_unit_tb.line_bytes, S_0x127e26360;
    %free S_0x127e26360;
    %store/vec4 v0x127e2b9b0_0, 0, 512;
    %pushi/vec4 1, 0, 1;
    %store/vec4 v0x127e2b730_0, 0, 1;
    %pushi/vec4 8192, 0, 64;
    %store/vec4 v0x127e2b7c0_0, 0, 64;
    %wait E_0x127e07510;
    %delay 1000, 0;
    %pushi/vec4 0, 0, 1;
    %store/vec4 v0x127e2b730_0, 0, 1;
    %wait E_0x127e07510;
    %delay 1000, 0;
    %pushi/vec4 0, 0, 32; draw_string_vec4
    %pushi/vec4 0, 0, 32; draw_string_vec4
    %concat/vec4; draw_string_vec4
    %pushi/vec4 0, 0, 32; draw_string_vec4
    %concat/vec4; draw_string_vec4
    %pushi/vec4 0, 0, 32; draw_string_vec4
    %concat/vec4; draw_string_vec4
    %pushi/vec4 29749, 0, 32; draw_string_vec4
    %concat/vec4; draw_string_vec4
    %pushi/vec4 543322727, 0, 32; draw_string_vec4
    %concat/vec4; draw_string_vec4
    %pushi/vec4 1948282994, 0, 32; draw_string_vec4
    %concat/vec4; draw_string_vec4
    %pushi/vec4 1701068080, 0, 32; draw_string_vec4
    %concat/vec4; draw_string_vec4
    %store/vec4 v0x127e25f60_0, 0, 256;
    %load/vec4 v0x127e2bb70_0;
    %store/vec4 v0x127e25e20_0, 0, 1;
    %pushi/vec4 0, 0, 1;
    %store/vec4 v0x127e25ec0_0, 0, 1;
    %fork TD_fetch_unit_tb.check1, S_0x127e25c50;
    %join;
    %vpi_call/w 3 274 "$display", "\012--- Test 6: Forward BRR_L BHT learning ---" {0 0 0};
    %alloc S_0x127e26360;
    %pushi/vec4 3221225472, 0, 32;
    %pushi/vec4 3221225472, 0, 32;
    %pushi/vec4 16, 0, 12;
    %store/vec4 v0x127e26200_0, 0, 12;
    %callf/vec4 TD_fetch_unit_tb.ins_brr_l, S_0x127e26020;
    %pushi/vec4 3221225472, 0, 32;
    %pushi/vec4 3221225472, 0, 32;
    %pushi/vec4 3221225472, 0, 32;
    %pushi/vec4 3221225472, 0, 32;
    %pushi/vec4 3221225472, 0, 32;
    %pushi/vec4 3221225472, 0, 32;
    %pushi/vec4 3221225472, 0, 32;
    %pushi/vec4 3221225472, 0, 32;
    %pushi/vec4 3221225472, 0, 32;
    %pushi/vec4 3221225472, 0, 32;
    %pushi/vec4 3221225472, 0, 32;
    %pushi/vec4 3221225472, 0, 32;
    %pushi/vec4 3221225472, 0, 32;
    %store/vec4 v0x127e270e0_0, 0, 32;
    %store/vec4 v0x127e27030_0, 0, 32;
    %store/vec4 v0x127e26f80_0, 0, 32;
    %store/vec4 v0x127e26ed0_0, 0, 32;
    %store/vec4 v0x127e26e20_0, 0, 32;
    %store/vec4 v0x127e26d70_0, 0, 32;
    %store/vec4 v0x127e26cc0_0, 0, 32;
    %store/vec4 v0x127e26c10_0, 0, 32;
    %store/vec4 v0x127e26b00_0, 0, 32;
    %store/vec4 v0x127e26a50_0, 0, 32;
    %store/vec4 v0x127e269a0_0, 0, 32;
    %store/vec4 v0x127e268f0_0, 0, 32;
    %store/vec4 v0x127e26800_0, 0, 32;
    %store/vec4 v0x127e26750_0, 0, 32;
    %store/vec4 v0x127e26690_0, 0, 32;
    %store/vec4 v0x127e265e0_0, 0, 32;
    %callf/vec4 TD_fetch_unit_tb.line_bytes, S_0x127e26360;
    %free S_0x127e26360;
    %store/vec4 v0x127e2b9b0_0, 0, 512;
    %pushi/vec4 1, 0, 1;
    %store/vec4 v0x127e2b730_0, 0, 1;
    %pushi/vec4 8192, 0, 64;
    %store/vec4 v0x127e2b7c0_0, 0, 64;
    %wait E_0x127e07510;
    %delay 1000, 0;
    %pushi/vec4 0, 0, 1;
    %store/vec4 v0x127e2b730_0, 0, 1;
    %wait E_0x127e07510;
    %delay 1000, 0;
    %pushi/vec4 2, 0, 2;
    %store/vec4 v0x127e2b610_0, 0, 2;
    %wait E_0x127e07510;
    %delay 1000, 0;
    %pushi/vec4 0, 0, 2;
    %store/vec4 v0x127e2b610_0, 0, 2;
    %delay 1000, 0;
    %pushi/vec4 0, 0, 32; draw_string_vec4
    %pushi/vec4 0, 0, 32; draw_string_vec4
    %concat/vec4; draw_string_vec4
    %pushi/vec4 29750, 0, 32; draw_string_vec4
    %concat/vec4; draw_string_vec4
    %pushi/vec4 543586148, 0, 32; draw_string_vec4
    %concat/vec4; draw_string_vec4
    %pushi/vec4 543322738, 0, 32; draw_string_vec4
    %concat/vec4; draw_string_vec4
    %pushi/vec4 1600921699, 0, 32; draw_string_vec4
    %concat/vec4; draw_string_vec4
    %pushi/vec4 1869374496, 0, 32; draw_string_vec4
    %concat/vec4; draw_string_vec4
    %pushi/vec4 1886545252, 0, 32; draw_string_vec4
    %concat/vec4; draw_string_vec4
    %store/vec4 v0x127e25f60_0, 0, 256;
    %load/vec4 v0x127e2bb70_0;
    %store/vec4 v0x127e25e20_0, 0, 1;
    %pushi/vec4 0, 0, 1;
    %store/vec4 v0x127e25ec0_0, 0, 1;
    %fork TD_fetch_unit_tb.check1, S_0x127e25c50;
    %join;
    %pushi/vec4 0, 0, 32; draw_string_vec4
    %pushi/vec4 0, 0, 32; draw_string_vec4
    %concat/vec4; draw_string_vec4
    %pushi/vec4 0, 0, 32; draw_string_vec4
    %concat/vec4; draw_string_vec4
    %pushi/vec4 0, 0, 32; draw_string_vec4
    %concat/vec4; draw_string_vec4
    %pushi/vec4 7616032, 0, 32; draw_string_vec4
    %concat/vec4; draw_string_vec4
    %pushi/vec4 1719100448, 0, 32; draw_string_vec4
    %concat/vec4; draw_string_vec4
    %pushi/vec4 1651667551, 0, 32; draw_string_vec4
    %concat/vec4; draw_string_vec4
    %pushi/vec4 1814065251, 0, 32; draw_string_vec4
    %concat/vec4; draw_string_vec4
    %store/vec4 v0x127e25ba0_0, 0, 256;
    %load/vec4 v0x127e2bcd0_0;
    %store/vec4 v0x127e052a0_0, 0, 64;
    %pushi/vec4 8200, 0, 64;
    %store/vec4 v0x127e25b00_0, 0, 64;
    %fork TD_fetch_unit_tb.check, S_0x127e17b00;
    %join;
    %pushi/vec4 1, 0, 1;
    %store/vec4 v0x127e2b080_0, 0, 1;
    %pushi/vec4 8200, 0, 64;
    %store/vec4 v0x127e2b110_0, 0, 64;
    %pushi/vec4 0, 0, 1;
    %store/vec4 v0x127e2aff0_0, 0, 1;
    %pushi/vec4 1, 0, 1;
    %store/vec4 v0x127e2af40_0, 0, 1;
    %wait E_0x127e07510;
    %delay 1000, 0;
    %pushi/vec4 0, 0, 1;
    %store/vec4 v0x127e2b080_0, 0, 1;
    %pushi/vec4 1, 0, 1;
    %store/vec4 v0x127e2b730_0, 0, 1;
    %pushi/vec4 8192, 0, 64;
    %store/vec4 v0x127e2b7c0_0, 0, 64;
    %wait E_0x127e07510;
    %delay 1000, 0;
    %pushi/vec4 0, 0, 1;
    %store/vec4 v0x127e2b730_0, 0, 1;
    %wait E_0x127e07510;
    %delay 1000, 0;
    %pushi/vec4 2, 0, 2;
    %store/vec4 v0x127e2b610_0, 0, 2;
    %wait E_0x127e07510;
    %delay 1000, 0;
    %pushi/vec4 0, 0, 2;
    %store/vec4 v0x127e2b610_0, 0, 2;
    %delay 1000, 0;
    %pushi/vec4 0, 0, 32; draw_string_vec4
    %pushi/vec4 116, 0, 32; draw_string_vec4
    %concat/vec4; draw_string_vec4
    %pushi/vec4 908093047, 0, 32; draw_string_vec4
    %concat/vec4; draw_string_vec4
    %pushi/vec4 1679843954, 0, 32; draw_string_vec4
    %concat/vec4; draw_string_vec4
    %pushi/vec4 1918856224, 0, 32; draw_string_vec4
    %concat/vec4; draw_string_vec4
    %pushi/vec4 1953653097, 0, 32; draw_string_vec4
    %concat/vec4; draw_string_vec4
    %pushi/vec4 1852138528, 0, 32; draw_string_vec4
    %concat/vec4; draw_string_vec4
    %pushi/vec4 1886545252, 0, 32; draw_string_vec4
    %concat/vec4; draw_string_vec4
    %store/vec4 v0x127e25f60_0, 0, 256;
    %load/vec4 v0x127e2bb70_0;
    %store/vec4 v0x127e25e20_0, 0, 1;
    %pushi/vec4 1, 0, 1;
    %store/vec4 v0x127e25ec0_0, 0, 1;
    %fork TD_fetch_unit_tb.check1, S_0x127e25c50;
    %join;
    %pushi/vec4 1, 0, 2;
    %store/vec4 v0x127e2b610_0, 0, 2;
    %wait E_0x127e07510;
    %delay 1000, 0;
    %pushi/vec4 0, 0, 2;
    %store/vec4 v0x127e2b610_0, 0, 2;
    %delay 1000, 0;
    %pushi/vec4 0, 0, 32; draw_string_vec4
    %pushi/vec4 0, 0, 32; draw_string_vec4
    %concat/vec4; draw_string_vec4
    %pushi/vec4 0, 0, 32; draw_string_vec4
    %concat/vec4; draw_string_vec4
    %pushi/vec4 29750, 0, 32; draw_string_vec4
    %concat/vec4; draw_string_vec4
    %pushi/vec4 544367972, 0, 32; draw_string_vec4
    %concat/vec4; draw_string_vec4
    %pushi/vec4 1769104739, 0, 32; draw_string_vec4
    %concat/vec4; draw_string_vec4
    %pushi/vec4 1948284001, 0, 32; draw_string_vec4
    %concat/vec4; draw_string_vec4
    %pushi/vec4 1919378804, 0, 32; draw_string_vec4
    %concat/vec4; draw_string_vec4
    %store/vec4 v0x127e25ba0_0, 0, 256;
    %load/vec4 v0x127e2bcd0_0;
    %store/vec4 v0x127e052a0_0, 0, 64;
    %pushi/vec4 8216, 0, 64;
    %store/vec4 v0x127e25b00_0, 0, 64;
    %fork TD_fetch_unit_tb.check, S_0x127e17b00;
    %join;
    %vpi_call/w 3 333 "$display", "\012--- Test 7: Backward BRR_L static taken ---" {0 0 0};
    %alloc S_0x127e26360;
    %pushi/vec4 3221225472, 0, 32;
    %pushi/vec4 3221225472, 0, 32;
    %pushi/vec4 3221225472, 0, 32;
    %pushi/vec4 3221225472, 0, 32;
    %pushi/vec4 4088, 0, 12;
    %store/vec4 v0x127e26200_0, 0, 12;
    %callf/vec4 TD_fetch_unit_tb.ins_brr_l, S_0x127e26020;
    %pushi/vec4 3221225472, 0, 32;
    %pushi/vec4 3221225472, 0, 32;
    %pushi/vec4 3221225472, 0, 32;
    %pushi/vec4 3221225472, 0, 32;
    %pushi/vec4 3221225472, 0, 32;
    %pushi/vec4 3221225472, 0, 32;
    %pushi/vec4 3221225472, 0, 32;
    %pushi/vec4 3221225472, 0, 32;
    %pushi/vec4 3221225472, 0, 32;
    %pushi/vec4 3221225472, 0, 32;
    %pushi/vec4 3221225472, 0, 32;
    %store/vec4 v0x127e270e0_0, 0, 32;
    %store/vec4 v0x127e27030_0, 0, 32;
    %store/vec4 v0x127e26f80_0, 0, 32;
    %store/vec4 v0x127e26ed0_0, 0, 32;
    %store/vec4 v0x127e26e20_0, 0, 32;
    %store/vec4 v0x127e26d70_0, 0, 32;
    %store/vec4 v0x127e26cc0_0, 0, 32;
    %store/vec4 v0x127e26c10_0, 0, 32;
    %store/vec4 v0x127e26b00_0, 0, 32;
    %store/vec4 v0x127e26a50_0, 0, 32;
    %store/vec4 v0x127e269a0_0, 0, 32;
    %store/vec4 v0x127e268f0_0, 0, 32;
    %store/vec4 v0x127e26800_0, 0, 32;
    %store/vec4 v0x127e26750_0, 0, 32;
    %store/vec4 v0x127e26690_0, 0, 32;
    %store/vec4 v0x127e265e0_0, 0, 32;
    %callf/vec4 TD_fetch_unit_tb.line_bytes, S_0x127e26360;
    %free S_0x127e26360;
    %store/vec4 v0x127e2b9b0_0, 0, 512;
    %pushi/vec4 1, 0, 1;
    %store/vec4 v0x127e2b730_0, 0, 1;
    %pushi/vec4 8192, 0, 64;
    %store/vec4 v0x127e2b7c0_0, 0, 64;
    %wait E_0x127e07510;
    %delay 1000, 0;
    %pushi/vec4 0, 0, 1;
    %store/vec4 v0x127e2b730_0, 0, 1;
    %wait E_0x127e07510;
    %delay 1000, 0;
    %pushi/vec4 2, 0, 2;
    %store/vec4 v0x127e2b610_0, 0, 2;
    %wait E_0x127e07510;
    %delay 1000, 0;
    %pushi/vec4 2, 0, 2;
    %store/vec4 v0x127e2b610_0, 0, 2;
    %wait E_0x127e07510;
    %delay 1000, 0;
    %pushi/vec4 0, 0, 2;
    %store/vec4 v0x127e2b610_0, 0, 2;
    %delay 1000, 0;
    %pushi/vec4 0, 0, 32; draw_string_vec4
    %pushi/vec4 0, 0, 32; draw_string_vec4
    %concat/vec4; draw_string_vec4
    %pushi/vec4 0, 0, 32; draw_string_vec4
    %concat/vec4; draw_string_vec4
    %pushi/vec4 29751, 0, 32; draw_string_vec4
    %concat/vec4; draw_string_vec4
    %pushi/vec4 543320951, 0, 32; draw_string_vec4
    %concat/vec4; draw_string_vec4
    %pushi/vec4 1679847538, 0, 32; draw_string_vec4
    %concat/vec4; draw_string_vec4
    %pushi/vec4 1701060724, 0, 32; draw_string_vec4
    %concat/vec4; draw_string_vec4
    %pushi/vec4 1634428270, 0, 32; draw_string_vec4
    %concat/vec4; draw_string_vec4
    %store/vec4 v0x127e25f60_0, 0, 256;
    %load/vec4 v0x127e2bb70_0;
    %store/vec4 v0x127e25e20_0, 0, 1;
    %pushi/vec4 1, 0, 1;
    %store/vec4 v0x127e25ec0_0, 0, 1;
    %fork TD_fetch_unit_tb.check1, S_0x127e25c50;
    %join;
    %pushi/vec4 0, 0, 32; draw_string_vec4
    %pushi/vec4 0, 0, 32; draw_string_vec4
    %concat/vec4; draw_string_vec4
    %pushi/vec4 0, 0, 32; draw_string_vec4
    %concat/vec4; draw_string_vec4
    %pushi/vec4 0, 0, 32; draw_string_vec4
    %concat/vec4; draw_string_vec4
    %pushi/vec4 1949769826, 0, 32; draw_string_vec4
    %concat/vec4; draw_string_vec4
    %pushi/vec4 1802986528, 0, 32; draw_string_vec4
    %concat/vec4; draw_string_vec4
    %pushi/vec4 1651667551, 0, 32; draw_string_vec4
    %concat/vec4; draw_string_vec4
    %pushi/vec4 1814065251, 0, 32; draw_string_vec4
    %concat/vec4; draw_string_vec4
    %store/vec4 v0x127e25ba0_0, 0, 256;
    %load/vec4 v0x127e2bcd0_0;
    %store/vec4 v0x127e052a0_0, 0, 64;
    %pushi/vec4 8208, 0, 64;
    %store/vec4 v0x127e25b00_0, 0, 64;
    %fork TD_fetch_unit_tb.check, S_0x127e17b00;
    %join;
    %pushi/vec4 1, 0, 2;
    %store/vec4 v0x127e2b610_0, 0, 2;
    %wait E_0x127e07510;
    %delay 1000, 0;
    %pushi/vec4 0, 0, 2;
    %store/vec4 v0x127e2b610_0, 0, 2;
    %delay 1000, 0;
    %pushi/vec4 0, 0, 32; draw_string_vec4
    %pushi/vec4 0, 0, 32; draw_string_vec4
    %concat/vec4; draw_string_vec4
    %pushi/vec4 0, 0, 32; draw_string_vec4
    %concat/vec4; draw_string_vec4
    %pushi/vec4 0, 0, 32; draw_string_vec4
    %concat/vec4; draw_string_vec4
    %pushi/vec4 29751, 0, 32; draw_string_vec4
    %concat/vec4; draw_string_vec4
    %pushi/vec4 543320951, 0, 32; draw_string_vec4
    %concat/vec4; draw_string_vec4
    %pushi/vec4 1679848545, 0, 32; draw_string_vec4
    %concat/vec4; draw_string_vec4
    %pushi/vec4 1919378804, 0, 32; draw_string_vec4
    %concat/vec4; draw_string_vec4
    %store/vec4 v0x127e25ba0_0, 0, 256;
    %load/vec4 v0x127e2bcd0_0;
    %store/vec4 v0x127e052a0_0, 0, 64;
    %pushi/vec4 8200, 0, 64;
    %store/vec4 v0x127e25b00_0, 0, 64;
    %fork TD_fetch_unit_tb.check, S_0x127e17b00;
    %join;
    %vpi_call/w 3 370 "$display", "\012==================================================" {0 0 0};
    %load/vec4 v0x127e2c360_0;
    %load/vec4 v0x127e2b6a0_0;
    %add;
    %vpi_call/w 3 371 "$display", "  %0d / %0d tests passed", v0x127e2c360_0, S<0,vec4,s32> {1 0 0};
    %load/vec4 v0x127e2b6a0_0;
    %cmpi/e 0, 0, 32;
    %jmp/0xz  T_10.0, 4;
    %vpi_call/w 3 373 "$display", "  ALL TESTS PASSED" {0 0 0};
    %jmp T_10.1;
T_10.0 ;
    %vpi_call/w 3 375 "$display", "  %0d TESTS FAILED", v0x127e2b6a0_0 {0 0 0};
T_10.1 ;
    %vpi_call/w 3 376 "$display", "==================================================\012" {0 0 0};
    %vpi_call/w 3 377 "$finish" {0 0 0};
    %end;
    .thread T_10;
# The file index is used to find the file name in the following table.
:file_names 5;
    "N/A";
    "<interactive>";
    "-";
    "fetch_unit_tb.sv";
    "./fetch_unit.sv";
